2026-10-06T21:04:22.303+02:00 stability test mode active (prompts auto-answer deterministically)
2026-10-06T21:04:25.296+02:00 ================================================================
2026-10-06T21:04:25.298+02:00 scenario start: perf-profile iterations=1 projectA=C:\Users\nicla\AppData\Local\Temp\dal-perf-100tracks\TSE_pt2_100tracks.dalproj
2026-10-06T21:04:25.300+02:00 steps queued: 10 (delete-loop iterations expand at plan time)
2026-10-06T21:04:25.850+02:00 step begin: perf-profile: load TSE_pt2_100tracks.dalproj
2026-10-06T21:04:49.130+02:00 step end ok: perf-profile: load TSE_pt2_100tracks.dalproj elapsedMs=23275
2026-10-06T21:04:49.157+02:00   [LiveMidi] input opened: "Babyface Midi Port 1" (\\?\usb#vid_2a39&pid_3fc0#3a17a1b250b3200#{6994ad04-93ef-11d0-a3cc-00a0c9223196}\ffusbmidi1)
2026-10-06T21:05:19.464+02:00 step begin: perf-profile: verify loaded
2026-10-06T21:05:19.466+02:00   track count after load: 101
2026-10-06T21:05:19.472+02:00 step end ok: perf-profile: verify loaded elapsedMs=2
2026-10-06T21:05:19.730+02:00 step begin: perf-profile: settle after load (plug-ins / proxies ready)
2026-10-06T21:05:19.737+02:00 step end ok: perf-profile: settle after load (plug-ins / proxies ready) elapsedMs=0
2026-10-06T21:05:27.776+02:00 step begin: perf-profile: runtime conditions
2026-10-06T21:05:27.779+02:00   exe=C:\Users\nicla\development\MiniDAWLab\build\ninja-release\MiniDAWLab_artefacts\Release\MiniDAWLab.exe version=1.1.17 config=Release | cpu="Intel(R) Core(TM) Ultra 9 275HX" physicalCores=24 logicalCores=24 ram=97599 MB | [JUCE active] ASIO | "ASIO Fireface USB" | 48000 Hz | buf 512 | in: Analog 1 (1), Analog 2 (1), Analog 3 (1), Analog 4 (1) (lat 535 (~11.15 ms)) | out: Analog 1 (1), Analog 2 (1) (lat 552 (~11.50 ms)) | offeredBufferSizes=512 default=512
2026-10-06T21:05:27.785+02:00 step end ok: perf-profile: runtime conditions elapsedMs=2
2026-10-06T21:05:28.136+02:00 step begin: perf-profile: project load (loaded vs processed)
2026-10-06T21:05:28.139+02:00   exe=C:\Users\nicla\development\MiniDAWLab\build\ninja-release\MiniDAWLab_artefacts\Release\MiniDAWLab.exe version=1.1.17 config=Release | cpu="Intel(R) Core(TM) Ultra 9 275HX" physicalCores=24 logicalCores=24 ram=97599 MB | [JUCE active] ASIO | "ASIO Fireface USB" | 48000 Hz | buf 512 | in: Analog 1 (1), Analog 2 (1), Analog 3 (1), Analog 4 (1) (lat 535 (~11.15 ms)) | out: Analog 1 (1), Analog 2 (1) (lat 552 (~11.50 ms)) | offeredBufferSizes=512 default=512
2026-10-06T21:05:28.142+02:00   tracks: audio=36 instrument=48 midi=16 group=0 master=1 (muted=36 off=0) | instrument registry entries=48 primaryLoaded=48 primaryEmpty=0 proxySelected=0 secondaryLoaded(notProcessedWhilePlaying)=0 | insert chains=50 instances=50 | proxy states: 3:Primary,5:Primary,80:Primary,16:Primary,72:Primary,8:Primary,82:Primary,18:Primary,74:Primary,10:Primary,76:Primary,12:Primary,78:Primary,14:Primary,84:Primary,20:Primary,86:Primary,22:Primary,88:Primary,24:Primary,90:Primary,26:Primary,92:Primary,28:Primary,94:Primary,30:Primary,96:Primary,32:Primary,98:Primary,34:Primary,36:Primary,38:Primary,40:Primary,42:Primary,44:Primary,46:Primary,48:Primary,50:Primary,52:Primary,54:Primary,56:Primary,58:Primary,60:Primary,62:Primary,64:Primary,66:Primary,68:Primary,70:Primary
2026-10-06T21:05:28.148+02:00 step end ok: perf-profile: project load (loaded vs processed) elapsedMs=5
2026-10-06T21:05:28.493+02:00 step begin: perf-profile: mixer window OPEN
2026-10-06T21:05:28.599+02:00   mixer visible=yes
2026-10-06T21:05:28.606+02:00 step end ok: perf-profile: mixer window OPEN elapsedMs=105
2026-10-06T21:05:30.135+02:00 step begin: perf-profile: start playback (warm-up 5 s)
2026-10-06T21:05:30.138+02:00   start at 0.00 s (sample 0) cycle=on profiler=ON
2026-10-06T21:05:30.145+02:00 step end ok: perf-profile: start playback (warm-up 5 s) elapsedMs=3
2026-10-06T21:05:35.196+02:00 step begin: perf-profile: measurement window begins (45 s)
2026-10-06T21:05:35.199+02:00   window start: playhead=231424 proxyUnderrunsSoFar=0 proxySelected=0 workingSet=9414.71 MB private=9697.22 MB
2026-10-06T21:05:35.206+02:00 step end ok: perf-profile: measurement window begins (45 s) elapsedMs=2
2026-10-06T21:06:20.232+02:00 step begin: perf-profile: collect
2026-10-06T21:06:20.236+02:00   window end: wall=45.04 s playhead=1782272 (started 231424)
2026-10-06T21:06:20.239+02:00   engine: blocks=3029 block=512 sr=48000 budgetMs=10.667 ms(min/mean/max)=11.431/14.842/19.162 budget%(mean/max)=139.1/179.6 nearOverruns(>70%)=0 overruns(>=100%)=3029
2026-10-06T21:06:20.241+02:00   output: peakHold=0.372 masterPeakL/R=0.356/0.372 oversL/R=0/0 rmsL/R=0.0427/0.0468 nonFinite=0
2026-10-06T21:06:20.244+02:00   proxy: selectedDestinations=0 underrunsInWindow=0 (total 0)
2026-10-06T21:06:20.247+02:00   instruments: hosts with live processBlock blocks=48 hosts with proxy-mixed blocks=0 hosts with neither=0 (cumulative since device start; a host can appear in both after a source switch)
2026-10-06T21:06:20.249+02:00   process: cpu=169.1% of one core (7.0% of 24 cores) systemBusy=41.9% workingSet=9408.59 MB private=9690.77 MB pageFaultsInWindow=167 (soft+hard; 3.70809/s)
2026-10-06T21:06:20.252+02:00   profile: blocks=3030 callback ms(mean/max)=14.842/19.162
2026-10-06T21:06:20.254+02:00   profile: category instrument-plugin: perBlock ms(mean/max)=13.746/17.921 callsPerBlock=48.0 shareOfCallback=92.6%
2026-10-06T21:06:20.257+02:00   profile: category proxy-mix: perBlock ms(mean/max)=0.000/0.000 callsPerBlock=0.0 shareOfCallback=0.0%
2026-10-06T21:06:20.259+02:00   profile: category insert-plugin: perBlock ms(mean/max)=0.468/0.882 callsPerBlock=32.0 shareOfCallback=3.2%
2026-10-06T21:06:20.261+02:00   profile: remainder (DAL work outside plug-in / proxy calls): perBlock ms(mean/max)=0.628/1.014 shareOfCallback=4.2%
2026-10-06T21:06:20.264+02:00   profile: phase instrument-begin-block: perBlock ms(mean/max)=0.015/0.236
2026-10-06T21:06:20.266+02:00   profile: phase live-midi: perBlock ms(mean/max)=0.003/0.022
2026-10-06T21:06:20.269+02:00   profile: phase clip-render(incl. audio inserts): perBlock ms(mean/max)=0.072/0.314
2026-10-06T21:06:20.271+02:00   profile: phase midi-schedule: perBlock ms(mean/max)=0.045/0.093
2026-10-06T21:06:20.274+02:00   profile: phase monitor: perBlock ms(mean/max)=0.000/0.001
2026-10-06T21:06:20.276+02:00   profile: phase instrument-mix(incl. inserts): perBlock ms(mean/max)=14.699/19.013
2026-10-06T21:06:20.278+02:00   profile: phase finalize(buses incl. inserts): perBlock ms(mean/max)=0.002/0.030
2026-10-06T21:06:20.281+02:00   profile: worst block: total=19.162 ms (512 samples) = instrument-plugin 17.921 + proxy-mix 0.000 + insert-plugin 0.516 + remainder 0.724
2026-10-06T21:06:20.284+02:00   profile: callback start intervals: n=3030 ms(mean/max)=14.868/19.190 lateStarts(>1.25x period)=2575
2026-10-06T21:06:20.286+02:00   profile: instances with calls=80 of registered 98; top 12 by summed ms:
2026-10-06T21:06:20.288+02:00   profile:   #1 track 18 "VB3-II" plugin "VB3-II" mode=instrument-plugin calls=3030 meanPerCall=467.6 us maxCall=1.686 ms perBlock=0.468 ms share=3.2%
2026-10-06T21:06:20.291+02:00   profile:   #2 track 54 "VB3-II" plugin "VB3-II" mode=instrument-plugin calls=3030 meanPerCall=465.1 us maxCall=1.074 ms perBlock=0.465 ms share=3.1%
2026-10-06T21:06:20.294+02:00   profile:   #3 track 90 "VB3-II" plugin "VB3-II" mode=instrument-plugin calls=3030 meanPerCall=461.3 us maxCall=1.593 ms perBlock=0.461 ms share=3.1%
2026-10-06T21:06:20.296+02:00   profile:   #4 track 60 "VB3-II" plugin "VB3-II" mode=instrument-plugin calls=3030 meanPerCall=461.1 us maxCall=0.993 ms perBlock=0.461 ms share=3.1%
2026-10-06T21:06:20.299+02:00   profile:   #5 track 12 "VB3-II" plugin "VB3-II" mode=instrument-plugin calls=3030 meanPerCall=460.5 us maxCall=0.978 ms perBlock=0.461 ms share=3.1%
2026-10-06T21:06:20.301+02:00   profile:   #6 track 78 "VB3-II" plugin "VB3-II" mode=instrument-plugin calls=3029 meanPerCall=460.6 us maxCall=1.332 ms perBlock=0.460 ms share=3.1%
2026-10-06T21:06:20.303+02:00   profile:   #7 track 24 "VB3-II" plugin "VB3-II" mode=instrument-plugin calls=3030 meanPerCall=460.1 us maxCall=1.259 ms perBlock=0.460 ms share=3.1%
2026-10-06T21:06:20.306+02:00   profile:   #8 track 96 "VB3-II" plugin "VB3-II" mode=instrument-plugin calls=3030 meanPerCall=459.9 us maxCall=1.011 ms perBlock=0.460 ms share=3.1%
2026-10-06T21:06:20.309+02:00   profile:   #9 track 36 "VB3-II" plugin "VB3-II" mode=instrument-plugin calls=3030 meanPerCall=457.6 us maxCall=1.241 ms perBlock=0.458 ms share=3.1%
2026-10-06T21:06:20.311+02:00   profile:   #10 track 30 "VB3-II" plugin "VB3-II" mode=instrument-plugin calls=3030 meanPerCall=457.1 us maxCall=0.901 ms perBlock=0.457 ms share=3.1%
2026-10-06T21:06:20.314+02:00   profile:   #11 track 42 "VB3-II" plugin "VB3-II" mode=instrument-plugin calls=3030 meanPerCall=456.8 us maxCall=0.834 ms perBlock=0.457 ms share=3.1%
2026-10-06T21:06:20.316+02:00   profile:   #12 track 84 "VB3-II" plugin "VB3-II" mode=instrument-plugin calls=3030 meanPerCall=456.5 us maxCall=1.077 ms perBlock=0.456 ms share=3.1%
2026-10-06T21:06:20.319+02:00   profile: top 12 together = 37.2% of callback time
2026-10-06T21:06:20.322+02:00   profile: by plug-in (instances, perBlock ms, share): [VB3-II x16 7.338 ms 49.4%] [Groove Agent SE x16 5.050 ms 34.0%] [HALion Sonic x16 1.357 ms 9.1%] [Pro-Q 3 [Post] x16 0.285 ms 1.9%] [DAL Mono Delay [Post] x16 0.183 ms 1.2%]
2026-10-06T21:06:20.328+02:00 step end ok: perf-profile: collect elapsedMs=89
2026-10-06T21:06:20.542+02:00 step begin: perf-profile: stop playback, profiler off
2026-10-06T21:06:20.566+02:00 step end ok: perf-profile: stop playback, profiler off elapsedMs=16
2026-10-06T21:06:21.408+02:00 RESULT: PASS scenario=perf-profile totalMs=116112
2026-10-06T21:06:41.418+02:00 WARNING: clean shutdown did not complete within 20s - forcing process exit (see drain timeout=YES lines in track-delete-diag.log)
