2026-10-06T21:09:37.627+02:00 stability test mode active (prompts auto-answer deterministically)
2026-10-06T21:09:40.681+02:00 ================================================================
2026-10-06T21:09:40.682+02:00 scenario start: perf-profile iterations=1 projectA=C:\Users\nicla\AppData\Local\Temp\dal-perf-100tracks\TSE_pt2_100tracks.dalproj
2026-10-06T21:09:40.684+02:00 steps queued: 10 (delete-loop iterations expand at plan time)
2026-10-06T21:09:41.187+02:00 step begin: perf-profile: load TSE_pt2_100tracks.dalproj
2026-10-06T21:10:05.414+02:00 step end ok: perf-profile: load TSE_pt2_100tracks.dalproj elapsedMs=24221
2026-10-06T21:10:05.445+02:00   [LiveMidi] input opened: "Babyface Midi Port 1" (\\?\usb#vid_2a39&pid_3fc0#3a17a1b250b3200#{6994ad04-93ef-11d0-a3cc-00a0c9223196}\ffusbmidi1)
2026-10-06T21:10:35.804+02:00 step begin: perf-profile: verify loaded
2026-10-06T21:10:35.807+02:00   track count after load: 101
2026-10-06T21:10:35.813+02:00 step end ok: perf-profile: verify loaded elapsedMs=3
2026-10-06T21:10:36.184+02:00 step begin: perf-profile: settle after load (plug-ins / proxies ready)
2026-10-06T21:10:36.196+02:00 step end ok: perf-profile: settle after load (plug-ins / proxies ready) elapsedMs=0
2026-10-06T21:10:44.219+02:00 step begin: perf-profile: runtime conditions
2026-10-06T21:10:44.222+02:00   exe=C:\Users\nicla\development\MiniDAWLab\build\ninja-release\MiniDAWLab_artefacts\Release\MiniDAWLab.exe version=1.1.17 config=Release | cpu="Intel(R) Core(TM) Ultra 9 275HX" physicalCores=24 logicalCores=24 ram=97599 MB | [JUCE active] ASIO | "ASIO Fireface USB" | 48000 Hz | buf 512 | in: Analog 1 (1), Analog 2 (1), Analog 3 (1), Analog 4 (1) (lat 535 (~11.15 ms)) | out: Analog 1 (1), Analog 2 (1) (lat 552 (~11.50 ms)) | offeredBufferSizes=512 default=512
2026-10-06T21:10:44.228+02:00 step end ok: perf-profile: runtime conditions elapsedMs=3
2026-10-06T21:10:44.530+02:00 step begin: perf-profile: project load (loaded vs processed)
2026-10-06T21:10:44.533+02:00   exe=C:\Users\nicla\development\MiniDAWLab\build\ninja-release\MiniDAWLab_artefacts\Release\MiniDAWLab.exe version=1.1.17 config=Release | cpu="Intel(R) Core(TM) Ultra 9 275HX" physicalCores=24 logicalCores=24 ram=97599 MB | [JUCE active] ASIO | "ASIO Fireface USB" | 48000 Hz | buf 512 | in: Analog 1 (1), Analog 2 (1), Analog 3 (1), Analog 4 (1) (lat 535 (~11.15 ms)) | out: Analog 1 (1), Analog 2 (1) (lat 552 (~11.50 ms)) | offeredBufferSizes=512 default=512
2026-10-06T21:10:44.536+02:00   tracks: audio=36 instrument=48 midi=16 group=0 master=1 (muted=36 off=0) | instrument registry entries=48 primaryLoaded=48 primaryEmpty=0 proxySelected=0 secondaryLoaded(notProcessedWhilePlaying)=0 | insert chains=50 instances=50 | proxy states: 3:Primary,5:Primary,80:Primary,16:Primary,72:Primary,8:Primary,82:Primary,18:Primary,74:Primary,10:Primary,76:Primary,12:Primary,78:Primary,14:Primary,84:Primary,20:Primary,86:Primary,22:Primary,88:Primary,24:Primary,90:Primary,26:Primary,92:Primary,28:Primary,94:Primary,30:Primary,96:Primary,32:Primary,98:Primary,34:Primary,36:Primary,38:Primary,40:Primary,42:Primary,44:Primary,46:Primary,48:Primary,50:Primary,52:Primary,54:Primary,56:Primary,58:Primary,60:Primary,62:Primary,64:Primary,66:Primary,68:Primary,70:Primary
2026-10-06T21:10:44.541+02:00 step end ok: perf-profile: project load (loaded vs processed) elapsedMs=4
2026-10-06T21:10:44.889+02:00 step begin: perf-profile: mixer window closed
2026-10-06T21:10:44.892+02:00   mixer visible=no
2026-10-06T21:10:44.898+02:00 step end ok: perf-profile: mixer window closed elapsedMs=3
2026-10-06T21:10:45.242+02:00 step begin: perf-profile: start playback (warm-up 5 s)
2026-10-06T21:10:45.246+02:00   start at 0.00 s (sample 0) cycle=on profiler=off
2026-10-06T21:10:45.252+02:00 step end ok: perf-profile: start playback (warm-up 5 s) elapsedMs=4
2026-10-06T21:10:50.298+02:00 step begin: perf-profile: measurement window begins (45 s)
2026-10-06T21:10:50.301+02:00   window start: playhead=228352 proxyUnderrunsSoFar=0 proxySelected=0 workingSet=9402.59 MB private=9678.52 MB
2026-10-06T21:10:50.308+02:00 step end ok: perf-profile: measurement window begins (45 s) elapsedMs=4
2026-10-06T21:11:35.336+02:00 step begin: perf-profile: collect
2026-10-06T21:11:35.339+02:00   window end: wall=45.04 s playhead=1789952 (started 228352)
2026-10-06T21:11:35.342+02:00   engine: blocks=3050 block=512 sr=48000 budgetMs=10.667 ms(min/mean/max)=11.276/14.739/19.232 budget%(mean/max)=138.2/180.3 nearOverruns(>70%)=0 overruns(>=100%)=3050
2026-10-06T21:11:35.345+02:00   output: peakHold=0.377 masterPeakL/R=0.377/0.372 oversL/R=0/0 rmsL/R=0.0424/0.0466 nonFinite=0
2026-10-06T21:11:35.348+02:00   proxy: selectedDestinations=0 underrunsInWindow=0 (total 0)
2026-10-06T21:11:35.350+02:00   instruments: hosts with live processBlock blocks=48 hosts with proxy-mixed blocks=0 hosts with neither=0 (cumulative since device start; a host can appear in both after a source switch)
2026-10-06T21:11:35.352+02:00   process: cpu=157.6% of one core (6.6% of 24 cores) systemBusy=36.8% workingSet=9396.46 MB private=9672.32 MB pageFaultsInWindow=110 (soft+hard; 2.44235/s)
2026-10-06T21:11:35.359+02:00 step end ok: perf-profile: collect elapsedMs=15
2026-10-06T21:11:35.591+02:00 step begin: perf-profile: stop playback, profiler off
2026-10-06T21:11:35.598+02:00 step end ok: perf-profile: stop playback, profiler off elapsedMs=0
2026-10-06T21:11:36.408+02:00 RESULT: PASS scenario=perf-profile totalMs=115727
2026-10-06T21:11:56.419+02:00 WARNING: clean shutdown did not complete within 20s - forcing process exit (see drain timeout=YES lines in track-delete-diag.log)
