2026-10-06T21:07:17.844+02:00 stability test mode active (prompts auto-answer deterministically)
2026-10-06T21:07:20.985+02:00 ================================================================
2026-10-06T21:07:20.987+02:00 scenario start: perf-profile iterations=1 projectA=C:\Users\nicla\AppData\Local\Temp\dal-perf-100tracks\TSE_pt2_100tracks.dalproj
2026-10-06T21:07:20.989+02:00 steps queued: 10 (delete-loop iterations expand at plan time)
2026-10-06T21:07:21.492+02:00 step begin: perf-profile: load TSE_pt2_100tracks.dalproj
2026-10-06T21:07:45.731+02:00 step end ok: perf-profile: load TSE_pt2_100tracks.dalproj elapsedMs=24234
2026-10-06T21:07:45.760+02:00   [LiveMidi] input opened: "Babyface Midi Port 1" (\\?\usb#vid_2a39&pid_3fc0#3a17a1b250b3200#{6994ad04-93ef-11d0-a3cc-00a0c9223196}\ffusbmidi1)
2026-10-06T21:08:16.531+02:00 step begin: perf-profile: verify loaded
2026-10-06T21:08:16.533+02:00   track count after load: 101
2026-10-06T21:08:16.539+02:00 step end ok: perf-profile: verify loaded elapsedMs=2
2026-10-06T21:08:16.899+02:00 step begin: perf-profile: settle after load (plug-ins / proxies ready)
2026-10-06T21:08:16.917+02:00 step end ok: perf-profile: settle after load (plug-ins / proxies ready) elapsedMs=0
2026-10-06T21:08:24.924+02:00 step begin: perf-profile: runtime conditions
2026-10-06T21:08:24.927+02:00   exe=C:\Users\nicla\development\MiniDAWLab\build\ninja-release\MiniDAWLab_artefacts\Release\MiniDAWLab.exe version=1.1.17 config=Release | cpu="Intel(R) Core(TM) Ultra 9 275HX" physicalCores=24 logicalCores=24 ram=97599 MB | [JUCE active] ASIO | "ASIO Fireface USB" | 48000 Hz | buf 512 | in: Analog 1 (1), Analog 2 (1), Analog 3 (1), Analog 4 (1) (lat 535 (~11.15 ms)) | out: Analog 1 (1), Analog 2 (1) (lat 552 (~11.50 ms)) | offeredBufferSizes=512 default=512
2026-10-06T21:08:24.932+02:00 step end ok: perf-profile: runtime conditions elapsedMs=2
2026-10-06T21:08:25.234+02:00 step begin: perf-profile: project load (loaded vs processed)
2026-10-06T21:08:25.237+02:00   exe=C:\Users\nicla\development\MiniDAWLab\build\ninja-release\MiniDAWLab_artefacts\Release\MiniDAWLab.exe version=1.1.17 config=Release | cpu="Intel(R) Core(TM) Ultra 9 275HX" physicalCores=24 logicalCores=24 ram=97599 MB | [JUCE active] ASIO | "ASIO Fireface USB" | 48000 Hz | buf 512 | in: Analog 1 (1), Analog 2 (1), Analog 3 (1), Analog 4 (1) (lat 535 (~11.15 ms)) | out: Analog 1 (1), Analog 2 (1) (lat 552 (~11.50 ms)) | offeredBufferSizes=512 default=512
2026-10-06T21:08:25.239+02:00   tracks: audio=36 instrument=48 midi=16 group=0 master=1 (muted=36 off=0) | instrument registry entries=48 primaryLoaded=48 primaryEmpty=0 proxySelected=0 secondaryLoaded(notProcessedWhilePlaying)=0 | insert chains=50 instances=50 | proxy states: 3:Primary,5:Primary,80:Primary,16:Primary,72:Primary,8:Primary,82:Primary,18:Primary,74:Primary,10:Primary,76:Primary,12:Primary,78:Primary,14:Primary,84:Primary,20:Primary,86:Primary,22:Primary,88:Primary,24:Primary,90:Primary,26:Primary,92:Primary,28:Primary,94:Primary,30:Primary,96:Primary,32:Primary,98:Primary,34:Primary,36:Primary,38:Primary,40:Primary,42:Primary,44:Primary,46:Primary,48:Primary,50:Primary,52:Primary,54:Primary,56:Primary,58:Primary,60:Primary,62:Primary,64:Primary,66:Primary,68:Primary,70:Primary
2026-10-06T21:08:25.245+02:00 step end ok: perf-profile: project load (loaded vs processed) elapsedMs=5
2026-10-06T21:08:25.587+02:00 step begin: perf-profile: mixer window closed
2026-10-06T21:08:25.591+02:00   mixer visible=no
2026-10-06T21:08:25.597+02:00 step end ok: perf-profile: mixer window closed elapsedMs=4
2026-10-06T21:08:25.944+02:00 step begin: perf-profile: start playback (warm-up 5 s)
2026-10-06T21:08:25.948+02:00   start at 0.00 s (sample 0) cycle=on profiler=ON
2026-10-06T21:08:25.955+02:00 step end ok: perf-profile: start playback (warm-up 5 s) elapsedMs=3
2026-10-06T21:08:30.990+02:00 step begin: perf-profile: measurement window begins (45 s)
2026-10-06T21:08:30.994+02:00   window start: playhead=230400 proxyUnderrunsSoFar=0 proxySelected=0 workingSet=9380.17 MB private=9658.1 MB
2026-10-06T21:08:31.001+02:00 step end ok: perf-profile: measurement window begins (45 s) elapsedMs=3
2026-10-06T21:09:16.009+02:00 step begin: perf-profile: collect
2026-10-06T21:09:16.013+02:00   window end: wall=45.02 s playhead=1794048 (started 230400)
2026-10-06T21:09:16.015+02:00   engine: blocks=3054 block=512 sr=48000 budgetMs=10.667 ms(min/mean/max)=11.385/14.717/18.880 budget%(mean/max)=138.0/177.0 nearOverruns(>70%)=0 overruns(>=100%)=3054
2026-10-06T21:09:16.018+02:00   output: peakHold=0.372 masterPeakL/R=0.353/0.372 oversL/R=0/0 rmsL/R=0.0426/0.0468 nonFinite=0
2026-10-06T21:09:16.021+02:00   proxy: selectedDestinations=0 underrunsInWindow=0 (total 0)
2026-10-06T21:09:16.023+02:00   instruments: hosts with live processBlock blocks=48 hosts with proxy-mixed blocks=0 hosts with neither=0 (cumulative since device start; a host can appear in both after a source switch)
2026-10-06T21:09:16.025+02:00   process: cpu=155.7% of one core (6.5% of 24 cores) systemBusy=36.8% workingSet=9373.66 MB private=9651.54 MB pageFaultsInWindow=127 (soft+hard; 2.82105/s)
2026-10-06T21:09:16.027+02:00   profile: blocks=3055 callback ms(mean/max)=14.717/18.880
2026-10-06T21:09:16.030+02:00   profile: category instrument-plugin: perBlock ms(mean/max)=13.685/17.710 callsPerBlock=48.0 shareOfCallback=93.0%
2026-10-06T21:09:16.033+02:00   profile: category proxy-mix: perBlock ms(mean/max)=0.000/0.000 callsPerBlock=0.0 shareOfCallback=0.0%
2026-10-06T21:09:16.035+02:00   profile: category insert-plugin: perBlock ms(mean/max)=0.470/0.982 callsPerBlock=32.0 shareOfCallback=3.2%
2026-10-06T21:09:16.037+02:00   profile: remainder (DAL work outside plug-in / proxy calls): perBlock ms(mean/max)=0.562/1.109 shareOfCallback=3.8%
2026-10-06T21:09:16.039+02:00   profile: phase instrument-begin-block: perBlock ms(mean/max)=0.015/0.115
2026-10-06T21:09:16.042+02:00   profile: phase live-midi: perBlock ms(mean/max)=0.003/0.021
2026-10-06T21:09:16.045+02:00   profile: phase clip-render(incl. audio inserts): perBlock ms(mean/max)=0.046/0.117
2026-10-06T21:09:16.048+02:00   profile: phase midi-schedule: perBlock ms(mean/max)=0.045/0.538
2026-10-06T21:09:16.050+02:00   profile: phase monitor: perBlock ms(mean/max)=0.000/0.001
2026-10-06T21:09:16.052+02:00   profile: phase instrument-mix(incl. inserts): perBlock ms(mean/max)=14.600/18.760
2026-10-06T21:09:16.056+02:00   profile: phase finalize(buses incl. inserts): perBlock ms(mean/max)=0.002/0.055
2026-10-06T21:09:16.059+02:00   profile: worst block: total=18.880 ms (512 samples) = instrument-plugin 17.710 + proxy-mix 0.000 + insert-plugin 0.503 + remainder 0.667
2026-10-06T21:09:16.061+02:00   profile: callback start intervals: n=3055 ms(mean/max)=14.743/18.907 lateStarts(>1.25x period)=2654
2026-10-06T21:09:16.063+02:00   profile: instances with calls=80 of registered 98; top 12 by summed ms:
2026-10-06T21:09:16.066+02:00   profile:   #1 track 54 "VB3-II" plugin "VB3-II" mode=instrument-plugin calls=3054 meanPerCall=468.0 us maxCall=1.062 ms perBlock=0.468 ms share=3.2%
2026-10-06T21:09:16.069+02:00   profile:   #2 track 84 "VB3-II" plugin "VB3-II" mode=instrument-plugin calls=3054 meanPerCall=466.0 us maxCall=1.071 ms perBlock=0.466 ms share=3.2%
2026-10-06T21:09:16.072+02:00   profile:   #3 track 90 "VB3-II" plugin "VB3-II" mode=instrument-plugin calls=3054 meanPerCall=458.6 us maxCall=0.898 ms perBlock=0.458 ms share=3.1%
2026-10-06T21:09:16.074+02:00   profile:   #4 track 30 "VB3-II" plugin "VB3-II" mode=instrument-plugin calls=3054 meanPerCall=458.0 us maxCall=1.336 ms perBlock=0.458 ms share=3.1%
2026-10-06T21:09:16.076+02:00   profile:   #5 track 96 "VB3-II" plugin "VB3-II" mode=instrument-plugin calls=3055 meanPerCall=456.8 us maxCall=1.070 ms perBlock=0.457 ms share=3.1%
2026-10-06T21:09:16.079+02:00   profile:   #6 track 66 "VB3-II" plugin "VB3-II" mode=instrument-plugin calls=3054 meanPerCall=456.8 us maxCall=0.920 ms perBlock=0.457 ms share=3.1%
2026-10-06T21:09:16.082+02:00   profile:   #7 track 42 "VB3-II" plugin "VB3-II" mode=instrument-plugin calls=3054 meanPerCall=456.7 us maxCall=1.514 ms perBlock=0.457 ms share=3.1%
2026-10-06T21:09:16.085+02:00   profile:   #8 track 18 "VB3-II" plugin "VB3-II" mode=instrument-plugin calls=3054 meanPerCall=456.7 us maxCall=0.976 ms perBlock=0.457 ms share=3.1%
2026-10-06T21:09:16.087+02:00   profile:   #9 track 60 "VB3-II" plugin "VB3-II" mode=instrument-plugin calls=3054 meanPerCall=456.6 us maxCall=1.038 ms perBlock=0.456 ms share=3.1%
2026-10-06T21:09:16.090+02:00   profile:   #10 track 78 "VB3-II" plugin "VB3-II" mode=instrument-plugin calls=3054 meanPerCall=456.5 us maxCall=0.950 ms perBlock=0.456 ms share=3.1%
2026-10-06T21:09:16.093+02:00   profile:   #11 track 48 "VB3-II" plugin "VB3-II" mode=instrument-plugin calls=3054 meanPerCall=456.1 us maxCall=0.848 ms perBlock=0.456 ms share=3.1%
2026-10-06T21:09:16.096+02:00   profile:   #12 track 36 "VB3-II" plugin "VB3-II" mode=instrument-plugin calls=3054 meanPerCall=455.9 us maxCall=0.991 ms perBlock=0.456 ms share=3.1%
2026-10-06T21:09:16.098+02:00   profile: top 12 together = 37.4% of callback time
2026-10-06T21:09:16.101+02:00   profile: by plug-in (instances, perBlock ms, share): [VB3-II x16 7.316 ms 49.7%] [Groove Agent SE x16 5.014 ms 34.1%] [HALion Sonic x16 1.352 ms 9.2%] [Pro-Q 3 [Post] x16 0.287 ms 1.9%] [DAL Mono Delay [Post] x16 0.183 ms 1.2%]
2026-10-06T21:09:16.108+02:00 step end ok: perf-profile: collect elapsedMs=92
2026-10-06T21:09:16.315+02:00 step begin: perf-profile: stop playback, profiler off
2026-10-06T21:09:16.322+02:00 step end ok: perf-profile: stop playback, profiler off elapsedMs=0
2026-10-06T21:09:17.126+02:00 RESULT: PASS scenario=perf-profile totalMs=116142
2026-10-06T21:09:37.137+02:00 WARNING: clean shutdown did not complete within 20s - forcing process exit (see drain timeout=YES lines in track-delete-diag.log)
