2026-10-06T22:59:24.011+02:00 stability test mode active (prompts auto-answer deterministically)
2026-10-06T22:59:26.933+02:00 ================================================================
2026-10-06T22:59:26.936+02:00 scenario start: perf-profile iterations=1 projectA=C:\Users\nicla\AppData\Local\Temp\dal-tse-par\TSE_pt2.dalproj
2026-10-06T22:59:26.938+02:00 steps queued: 13 (delete-loop iterations expand at plan time)
2026-10-06T22:59:27.447+02:00 step begin: perf-profile: load TSE_pt2.dalproj
2026-10-06T22:59:30.179+02:00 step end ok: perf-profile: load TSE_pt2.dalproj elapsedMs=2726
2026-10-06T22:59:30.186+02:00   [LiveMidi] input opened: "Babyface Midi Port 1" (\\?\usb#vid_2a39&pid_3fc0#3a17a1b250b3200#{6994ad04-93ef-11d0-a3cc-00a0c9223196}\ffusbmidi1)
2026-10-06T22:59:32.524+02:00 step begin: perf-profile: verify loaded
2026-10-06T22:59:32.526+02:00   track count after load: 7
2026-10-06T22:59:32.530+02:00 step end ok: perf-profile: verify loaded elapsedMs=2
2026-10-06T22:59:32.821+02:00 step begin: perf-profile: settle after load (plug-ins / proxies ready)
2026-10-06T22:59:32.827+02:00 step end ok: perf-profile: settle after load (plug-ins / proxies ready) elapsedMs=0
2026-10-06T22:59:40.845+02:00 step begin: perf-profile: runtime conditions
2026-10-06T22:59:40.850+02:00   exe=C:\Users\nicla\development\MiniDAWLab\build\ninja-release\MiniDAWLab_artefacts\Release\MiniDAWLab.exe version=1.1.17 config=Release | cpu="Intel(R) Core(TM) Ultra 9 275HX" physicalCores=24 logicalCores=24 ram=97599 MB | [JUCE active] ASIO | "ASIO Fireface USB" | 48000 Hz | buf 512 | in: none (lat 535 (~11.15 ms)) | out: Analog 1 (1), Analog 2 (1) (lat 552 (~11.50 ms)) | offeredBufferSizes=512 default=512
2026-10-06T22:59:40.858+02:00 step end ok: perf-profile: runtime conditions elapsedMs=3
2026-10-06T22:59:41.205+02:00 step begin: perf-profile: project load (loaded vs processed)
2026-10-06T22:59:41.208+02:00   exe=C:\Users\nicla\development\MiniDAWLab\build\ninja-release\MiniDAWLab_artefacts\Release\MiniDAWLab.exe version=1.1.17 config=Release | cpu="Intel(R) Core(TM) Ultra 9 275HX" physicalCores=24 logicalCores=24 ram=97599 MB | [JUCE active] ASIO | "ASIO Fireface USB" | 48000 Hz | buf 512 | in: none (lat 535 (~11.15 ms)) | out: Analog 1 (1), Analog 2 (1) (lat 552 (~11.50 ms)) | offeredBufferSizes=512 default=512
2026-10-06T22:59:41.211+02:00   tracks: audio=2 instrument=3 midi=1 group=0 master=1 (muted=2 off=0) | instrument registry entries=3 primaryLoaded=3 primaryEmpty=0 proxySelected=0 secondaryLoaded(notProcessedWhilePlaying)=0 | insert chains=3 instances=3 | proxy states: 3:Primary,5:Primary,8:Primary
2026-10-06T22:59:41.218+02:00 step end ok: perf-profile: project load (loaded vs processed) elapsedMs=6
2026-10-06T22:59:41.563+02:00 step begin: perf-profile: mixer window closed
2026-10-06T22:59:41.566+02:00   mixer visible=no
2026-10-06T22:59:41.572+02:00 step end ok: perf-profile: mixer window closed elapsedMs=3
2026-10-06T22:59:41.923+02:00 step begin: perf-profile: start playback (warm-up 5 s)
2026-10-06T22:59:41.927+02:00   start at 0.00 s (sample 0) cycle=on profiler=ON generation=SERIAL (forced) | workers=7 (threads incl. callback=8) serialForced=yes parallelBlocks=1101 serialBlocks=1 jobsByCallback=653 jobsByWorkers=2653 joinKernelWaits=866 lastDispatchWallMs=0.302 lastJoinWaitMs=0.203 (cumulative since start)
2026-10-06T22:59:41.933+02:00 step end ok: perf-profile: start playback (warm-up 5 s) elapsedMs=3
2026-10-06T22:59:46.973+02:00 step begin: perf-profile: A/serial measurement window begins (30 s)
2026-10-06T22:59:46.976+02:00   window start: playhead=242176 proxyUnderrunsSoFar=0 proxySelected=0 workingSet=1199.27 MB private=1295.26 MB
2026-10-06T22:59:46.981+02:00 step end ok: perf-profile: A/serial measurement window begins (30 s) elapsedMs=3
2026-10-06T23:00:17.018+02:00 step begin: perf-profile: A/serial collect
2026-10-06T23:00:17.021+02:00   === window: A/serial ===
2026-10-06T23:00:17.025+02:00   window end: wall=30.05 s playhead=1684992 (started 242176)
2026-10-06T23:00:17.026+02:00   engine: blocks=2818 block=512 sr=48000 budgetMs=10.667 ms(min/mean/max)=0.590/0.880/2.194 budget%(mean/max)=8.3/20.6 nearOverruns(>70%)=0 overruns(>=100%)=0
2026-10-06T23:00:17.028+02:00   output: peakHold=0.414 masterPeakL/R=0.383/0.414 oversL/R=0/0 rmsL/R=0.0474/0.0522 nonFinite=0
2026-10-06T23:00:17.030+02:00   proxy: selectedDestinations=0 underrunsInWindow=0 (total 0)
2026-10-06T23:00:17.032+02:00   instruments: hosts with live processBlock blocks=3 hosts with proxy-mixed blocks=0 hosts with neither=0 (cumulative since device start; a host can appear in both after a source switch)
2026-10-06T23:00:17.033+02:00   render pool: workers=7 (threads incl. callback=8) serialForced=yes parallelBlocks=1101 serialBlocks=3292 jobsByCallback=10526 jobsByWorkers=2653 joinKernelWaits=866 lastDispatchWallMs=0.302 lastJoinWaitMs=0.203 (cumulative since start)
2026-10-06T23:00:17.035+02:00   process: cpu=37.5% of one core (1.6% of 24 cores) systemBusy=11.1% workingSet=1194.51 MB private=1290.78 MB pageFaultsInWindow=203 (soft+hard; 6.75567/s)
2026-10-06T23:00:17.037+02:00   profile: blocks=2819 callback ms(mean/max)=0.880/2.194
2026-10-06T23:00:17.038+02:00   profile: category instrument-plugin: perBlock ms(mean/max)=0.792/2.080 callsPerBlock=3.0 shareOfCallback=90.0%
2026-10-06T23:00:17.040+02:00   profile: category proxy-mix: perBlock ms(mean/max)=0.000/0.000 callsPerBlock=0.0 shareOfCallback=0.0%
2026-10-06T23:00:17.041+02:00   profile: category insert-plugin: perBlock ms(mean/max)=0.041/0.184 callsPerBlock=2.0 shareOfCallback=4.6%
2026-10-06T23:00:17.042+02:00   profile: remainder (DAL work outside plug-in / proxy calls): perBlock ms(mean/max)=0.027/0.090 shareOfCallback=3.0%
2026-10-06T23:00:17.044+02:00   profile: phase instrument-begin-block: perBlock ms(mean/max)=0.002/0.029
2026-10-06T23:00:17.046+02:00   profile: phase live-midi: perBlock ms(mean/max)=0.003/0.026
2026-10-06T23:00:17.047+02:00   profile: phase clip-render(incl. audio inserts): perBlock ms(mean/max)=0.006/0.055
2026-10-06T23:00:17.049+02:00   profile: phase midi-schedule: perBlock ms(mean/max)=0.004/0.035
2026-10-06T23:00:17.051+02:00   profile: phase monitor: perBlock ms(mean/max)=0.000/0.008
2026-10-06T23:00:17.053+02:00   profile: phase instrument-mix(incl. inserts): perBlock ms(mean/max)=0.859/2.169
2026-10-06T23:00:17.054+02:00   profile: phase finalize(buses incl. inserts): perBlock ms(mean/max)=0.001/0.007
2026-10-06T23:00:17.056+02:00   profile: worst block: total=2.194 ms (512 samples): instrument-plugin CPU 2.080 | proxy-mix 0.000 | insert-plugin 0.047 | generation-section wall 2.114 | remainder 0.034
2026-10-06T23:00:17.057+02:00   profile: generation section (dispatch -> join): wall perBlock ms(mean/max)=0.813/2.114 callbackIdleWait ms(mean/max)=0.000/0.000 jobsPerBlock=3.0 parallelBlocks=0 of 2819 effectiveParallelism(instrumentCPU/sectionWall)=0.97 (parallel blocks only: 0.00)
2026-10-06T23:00:17.059+02:00   profile: NOTE: category instrument-plugin is SUMMED CPU time across render threads; the callback's elapsed time for that work is the generation-section wall.
2026-10-06T23:00:17.060+02:00   profile: callback start intervals: n=2819 ms(mean/max)=10.666/10.797 lateStarts(>1.25x period)=0
2026-10-06T23:00:17.062+02:00   profile: instances with calls=5 of registered 6; top 12 by summed ms:
2026-10-06T23:00:17.064+02:00   profile:   #1 track 5 "VB3-II" plugin "VB3-II" mode=instrument-plugin calls=2819 meanPerCall=352.1 us maxCall=1.079 ms perBlock=0.352 ms share=40.0%
2026-10-06T23:00:17.067+02:00   profile:   #2 track 3 "Track 3" plugin "Groove Agent SE" mode=instrument-plugin calls=2819 meanPerCall=326.8 us maxCall=0.980 ms perBlock=0.327 ms share=37.1%
2026-10-06T23:00:17.068+02:00   profile:   #3 track 8 "Track 8" plugin "HALion Sonic" mode=instrument-plugin calls=2819 meanPerCall=113.5 us maxCall=0.310 ms perBlock=0.113 ms share=12.9%
2026-10-06T23:00:17.070+02:00   profile:   #4 track 5 "VB3-II" insert slot 3 plugin "Pro-Q 3 [Post]" mode=insert-plugin calls=2819 meanPerCall=24.4 us maxCall=0.117 ms perBlock=0.024 ms share=2.8%
2026-10-06T23:00:17.072+02:00   profile:   #5 track 8 "Track 8" insert slot 2 plugin "DAL Mono Delay [Post]" mode=insert-plugin calls=2819 meanPerCall=16.2 us maxCall=0.141 ms perBlock=0.016 ms share=1.8%
2026-10-06T23:00:17.074+02:00   profile: top 5 together = 94.6% of callback time
2026-10-06T23:00:17.075+02:00   profile: by plug-in (instances, perBlock ms, share): [VB3-II x1 0.352 ms 40.0%] [Groove Agent SE x1 0.327 ms 37.1%] [HALion Sonic x1 0.113 ms 12.9%] [Pro-Q 3 [Post] x1 0.024 ms 2.8%] [DAL Mono Delay [Post] x1 0.016 ms 1.8%]
2026-10-06T23:00:17.080+02:00 step end ok: perf-profile: A/serial collect elapsedMs=57
2026-10-06T23:00:17.284+02:00 step begin: perf-profile: B/parallel — switch generation to PARALLEL (re-warm-up)
2026-10-06T23:00:17.288+02:00   generation now as configured
2026-10-06T23:00:17.293+02:00 step end ok: perf-profile: B/parallel — switch generation to PARALLEL (re-warm-up) elapsedMs=2
2026-10-06T23:00:20.343+02:00 step begin: perf-profile: B/parallel measurement window begins (30 s)
2026-10-06T23:00:20.346+02:00   window start: playhead=1844224 proxyUnderrunsSoFar=0 proxySelected=0 workingSet=1420.39 MB private=1588.21 MB
2026-10-06T23:00:20.351+02:00 step end ok: perf-profile: B/parallel measurement window begins (30 s) elapsedMs=2
2026-10-06T23:00:50.394+02:00 step begin: perf-profile: B/parallel collect
2026-10-06T23:00:50.397+02:00   === window: B/parallel ===
2026-10-06T23:00:50.400+02:00   window end: wall=30.05 s playhead=1319040 (started 1844224)
2026-10-06T23:00:50.402+02:00   engine: blocks=2818 block=512 sr=48000 budgetMs=10.667 ms(min/mean/max)=0.334/0.494/1.369 budget%(mean/max)=4.6/12.8 nearOverruns(>70%)=0 overruns(>=100%)=0
2026-10-06T23:00:50.404+02:00   output: peakHold=0.416 masterPeakL/R=0.370/0.416 oversL/R=0/0 rmsL/R=0.0386/0.0452 nonFinite=0
2026-10-06T23:00:50.406+02:00   proxy: selectedDestinations=0 underrunsInWindow=0 (total 0)
2026-10-06T23:00:50.408+02:00   instruments: hosts with live processBlock blocks=3 hosts with proxy-mixed blocks=0 hosts with neither=0 (cumulative since device start; a host can appear in both after a source switch)
2026-10-06T23:00:50.410+02:00   render pool: workers=7 (threads incl. callback=8) serialForced=no parallelBlocks=4207 serialBlocks=3316 jobsByCallback=12410 jobsByWorkers=10159 joinKernelWaits=2962 lastDispatchWallMs=0.434 lastJoinWaitMs=0.414 (cumulative since start)
2026-10-06T23:00:50.412+02:00   process: cpu=39.6% of one core (1.6% of 24 cores) systemBusy=11.3% workingSet=1215.11 MB private=1311.25 MB pageFaultsInWindow=4182 (soft+hard; 139.152/s)
2026-10-06T23:00:50.414+02:00   profile: blocks=2819 callback ms(mean/max)=0.494/1.369
2026-10-06T23:00:50.416+02:00   profile: category instrument-plugin: perBlock ms(mean/max)=0.806/2.629 callsPerBlock=3.0 shareOfCallback=163.2%
2026-10-06T23:00:50.418+02:00   profile: category proxy-mix: perBlock ms(mean/max)=0.000/0.000 callsPerBlock=0.0 shareOfCallback=0.0%
2026-10-06T23:00:50.421+02:00   profile: category insert-plugin: perBlock ms(mean/max)=0.041/0.285 callsPerBlock=2.0 shareOfCallback=8.4%
2026-10-06T23:00:50.423+02:00   profile: remainder (DAL work outside plug-in / proxy calls): perBlock ms(mean/max)=0.029/0.103 shareOfCallback=5.8%
2026-10-06T23:00:50.425+02:00   profile: phase instrument-begin-block: perBlock ms(mean/max)=0.002/0.042
2026-10-06T23:00:50.427+02:00   profile: phase live-midi: perBlock ms(mean/max)=0.003/0.027
2026-10-06T23:00:50.428+02:00   profile: phase clip-render(incl. audio inserts): perBlock ms(mean/max)=0.006/0.051
2026-10-06T23:00:50.430+02:00   profile: phase midi-schedule: perBlock ms(mean/max)=0.004/0.058
2026-10-06T23:00:50.432+02:00   profile: phase monitor: perBlock ms(mean/max)=0.000/0.001
2026-10-06T23:00:50.434+02:00   profile: phase instrument-mix(incl. inserts): perBlock ms(mean/max)=0.473/1.354
2026-10-06T23:00:50.436+02:00   profile: phase finalize(buses incl. inserts): perBlock ms(mean/max)=0.001/0.023
2026-10-06T23:00:50.438+02:00   profile: worst block: total=1.369 ms (512 samples): instrument-plugin CPU 2.629 | proxy-mix 0.000 | insert-plugin 0.040 | generation-section wall 1.309 | remainder 0.020
2026-10-06T23:00:50.440+02:00   profile: generation section (dispatch -> join): wall perBlock ms(mean/max)=0.424/1.309 callbackIdleWait ms(mean/max)=0.275/1.218 jobsPerBlock=3.0 parallelBlocks=2819 of 2819 effectiveParallelism(instrumentCPU/sectionWall)=1.90 (parallel blocks only: 1.90)
2026-10-06T23:00:50.442+02:00   profile: NOTE: category instrument-plugin is SUMMED CPU time across render threads; the callback's elapsed time for that work is the generation-section wall.
2026-10-06T23:00:50.444+02:00   profile: callback start intervals: n=2819 ms(mean/max)=10.666/10.850 lateStarts(>1.25x period)=0
2026-10-06T23:00:50.446+02:00   profile: instances with calls=5 of registered 6; top 12 by summed ms:
2026-10-06T23:00:50.448+02:00   profile:   #1 track 5 "VB3-II" plugin "VB3-II" mode=instrument-plugin calls=2819 meanPerCall=368.9 us maxCall=1.288 ms perBlock=0.369 ms share=74.7%
2026-10-06T23:00:50.450+02:00   profile:   #2 track 3 "Track 3" plugin "Groove Agent SE" mode=instrument-plugin calls=2819 meanPerCall=314.8 us maxCall=1.270 ms perBlock=0.315 ms share=63.7%
2026-10-06T23:00:50.452+02:00   profile:   #3 track 8 "Track 8" plugin "HALion Sonic" mode=instrument-plugin calls=2819 meanPerCall=122.5 us maxCall=0.322 ms perBlock=0.123 ms share=24.8%
2026-10-06T23:00:50.454+02:00   profile:   #4 track 5 "VB3-II" insert slot 3 plugin "Pro-Q 3 [Post]" mode=insert-plugin calls=2819 meanPerCall=25.0 us maxCall=0.269 ms perBlock=0.025 ms share=5.1%
2026-10-06T23:00:50.456+02:00   profile:   #5 track 8 "Track 8" insert slot 2 plugin "DAL Mono Delay [Post]" mode=insert-plugin calls=2819 meanPerCall=16.3 us maxCall=0.102 ms perBlock=0.016 ms share=3.3%
2026-10-06T23:00:50.458+02:00   profile: top 5 together = 171.6% of callback time
2026-10-06T23:00:50.461+02:00   profile: by plug-in (instances, perBlock ms, share): [VB3-II x1 0.369 ms 74.7%] [Groove Agent SE x1 0.315 ms 63.7%] [HALion Sonic x1 0.123 ms 24.8%] [Pro-Q 3 [Post] x1 0.025 ms 5.1%] [DAL Mono Delay [Post] x1 0.016 ms 3.3%]
2026-10-06T23:00:50.465+02:00 step end ok: perf-profile: B/parallel collect elapsedMs=66
2026-10-06T23:00:50.672+02:00 step begin: perf-profile: stop playback, profiler off
2026-10-06T23:00:50.680+02:00 step end ok: perf-profile: stop playback, profiler off elapsedMs=0
2026-10-06T23:00:51.488+02:00 RESULT: PASS scenario=perf-profile totalMs=84555
