2026-10-06T23:10:37.399+02:00 stability test mode active (prompts auto-answer deterministically)
2026-10-06T23:10:40.342+02:00 ================================================================
2026-10-06T23:10:40.345+02:00 scenario start: perf-profile iterations=1 projectA=C:\Users\nicla\AppData\Local\Temp\dal-perf-100tracks\TSE_pt2_100tracks.dalproj
2026-10-06T23:10:40.347+02:00 steps queued: 10 (delete-loop iterations expand at plan time)
2026-10-06T23:10:40.854+02:00 step begin: perf-profile: load TSE_pt2_100tracks.dalproj
2026-10-06T23:11:00.203+02:00 step end ok: perf-profile: load TSE_pt2_100tracks.dalproj elapsedMs=19342
2026-10-06T23:11:00.238+02:00   [LiveMidi] input opened: "Babyface Midi Port 1" (\\?\usb#vid_2a39&pid_3fc0#3a17a1b250b3200#{6994ad04-93ef-11d0-a3cc-00a0c9223196}\ffusbmidi1)
2026-10-06T23:11:21.894+02:00 step begin: perf-profile: verify loaded
2026-10-06T23:11:21.896+02:00   track count after load: 101
2026-10-06T23:11:21.899+02:00 step end ok: perf-profile: verify loaded elapsedMs=1
2026-10-06T23:11:22.230+02:00 step begin: perf-profile: settle after load (plug-ins / proxies ready)
2026-10-06T23:11:22.236+02:00 step end ok: perf-profile: settle after load (plug-ins / proxies ready) elapsedMs=0
2026-10-06T23:11:30.272+02:00 step begin: perf-profile: runtime conditions
2026-10-06T23:11:30.275+02:00   exe=C:\Users\nicla\development\MiniDAWLab\build\ninja-release\MiniDAWLab_artefacts\Release\MiniDAWLab.exe version=1.1.18 config=Release | cpu="Intel(R) Core(TM) Ultra 9 275HX" physicalCores=24 logicalCores=24 ram=97599 MB | [JUCE active] ASIO | "ASIO Fireface USB" | 48000 Hz | buf 512 | in: none (lat 535 (~11.15 ms)) | out: Analog 1 (1), Analog 2 (1) (lat 552 (~11.50 ms)) | offeredBufferSizes=512 default=512
2026-10-06T23:11:30.280+02:00 step end ok: perf-profile: runtime conditions elapsedMs=2
2026-10-06T23:11:30.629+02:00 step begin: perf-profile: project load (loaded vs processed)
2026-10-06T23:11:30.633+02:00   exe=C:\Users\nicla\development\MiniDAWLab\build\ninja-release\MiniDAWLab_artefacts\Release\MiniDAWLab.exe version=1.1.18 config=Release | cpu="Intel(R) Core(TM) Ultra 9 275HX" physicalCores=24 logicalCores=24 ram=97599 MB | [JUCE active] ASIO | "ASIO Fireface USB" | 48000 Hz | buf 512 | in: none (lat 535 (~11.15 ms)) | out: Analog 1 (1), Analog 2 (1) (lat 552 (~11.50 ms)) | offeredBufferSizes=512 default=512
2026-10-06T23:11:30.636+02:00   tracks: audio=36 instrument=48 midi=16 group=0 master=1 (muted=36 off=0) | instrument registry entries=48 primaryLoaded=48 primaryEmpty=0 proxySelected=0 secondaryLoaded(notProcessedWhilePlaying)=0 | insert chains=50 instances=50 | proxy states: 3:Primary,5:Primary,80:Primary,16:Primary,72:Primary,8:Primary,82:Primary,18:Primary,74:Primary,10:Primary,76:Primary,12:Primary,78:Primary,14:Primary,84:Primary,20:Primary,86:Primary,22:Primary,88:Primary,24:Primary,90:Primary,26:Primary,92:Primary,28:Primary,94:Primary,30:Primary,96:Primary,32:Primary,98:Primary,34:Primary,36:Primary,38:Primary,40:Primary,42:Primary,44:Primary,46:Primary,48:Primary,50:Primary,52:Primary,54:Primary,56:Primary,58:Primary,60:Primary,62:Primary,64:Primary,66:Primary,68:Primary,70:Primary
2026-10-06T23:11:30.641+02:00 step end ok: perf-profile: project load (loaded vs processed) elapsedMs=6
2026-10-06T23:11:30.989+02:00 step begin: perf-profile: mixer window closed
2026-10-06T23:11:30.991+02:00   mixer visible=no
2026-10-06T23:11:30.996+02:00 step end ok: perf-profile: mixer window closed elapsedMs=2
2026-10-06T23:11:31.298+02:00 step begin: perf-profile: start playback (warm-up 5 s)
2026-10-06T23:11:31.301+02:00   start at 0.00 s (sample 0) cycle=on profiler=ON generation=as configured | workers=7 (threads incl. callback=8) serialForced=no parallelBlocks=2915 serialBlocks=1 jobsByCallback=23575 jobsByWorkers=116393 joinKernelWaits=531 lastDispatchWallMs=0.875 lastJoinWaitMs=0.022 (cumulative since start)
2026-10-06T23:11:31.307+02:00 step end ok: perf-profile: start playback (warm-up 5 s) elapsedMs=3
2026-10-06T23:11:36.313+02:00 step begin: perf-profile: configured measurement window begins (30 s)
2026-10-06T23:11:36.316+02:00   window start: playhead=240640 proxyUnderrunsSoFar=0 proxySelected=0 workingSet=9380.62 MB private=9652.59 MB
2026-10-06T23:11:36.321+02:00 step end ok: perf-profile: configured measurement window begins (30 s) elapsedMs=2
2026-10-06T23:12:06.328+02:00 step begin: perf-profile: configured collect
2026-10-06T23:12:06.331+02:00   === window: configured ===
2026-10-06T23:12:06.333+02:00   window end: wall=30.02 s playhead=1681408 (started 240640)
2026-10-06T23:12:06.336+02:00   engine: blocks=2815 block=512 sr=48000 budgetMs=10.667 ms(min/mean/max)=1.604/2.097/3.740 budget%(mean/max)=19.7/35.1 nearOverruns(>70%)=0 overruns(>=100%)=0
2026-10-06T23:12:06.338+02:00   output: peakHold=0.381 masterPeakL/R=0.381/0.372 oversL/R=0/0 rmsL/R=0.0420/0.0467 nonFinite=0
2026-10-06T23:12:06.340+02:00   proxy: selectedDestinations=0 underrunsInWindow=0 (total 0)
2026-10-06T23:12:06.342+02:00   instruments: hosts with live processBlock blocks=48 hosts with proxy-mixed blocks=0 hosts with neither=0 (cumulative since device start; a host can appear in both after a source switch)
2026-10-06T23:12:06.345+02:00   render pool: workers=7 (threads incl. callback=8) serialForced=no parallelBlocks=6201 serialBlocks=1 jobsByCallback=43907 jobsByWorkers=253789 joinKernelWaits=795 lastDispatchWallMs=1.848 lastJoinWaitMs=0.000 (cumulative since start)
2026-10-06T23:12:06.347+02:00   process: cpu=159.6% of one core (6.6% of 24 cores) systemBusy=15.4% workingSet=9375.2 MB private=9647 MB pageFaultsInWindow=102 (soft+hard; 3.39806/s)
2026-10-06T23:12:06.349+02:00   profile: blocks=2816 callback ms(mean/max)=2.097/3.740
2026-10-06T23:12:06.352+02:00   profile: category instrument-plugin: perBlock ms(mean/max)=11.040/20.332 callsPerBlock=48.0 shareOfCallback=526.5%
2026-10-06T23:12:06.354+02:00   profile: category proxy-mix: perBlock ms(mean/max)=0.000/0.000 callsPerBlock=0.0 shareOfCallback=0.0%
2026-10-06T23:12:06.356+02:00   profile: category insert-plugin: perBlock ms(mean/max)=0.391/1.031 callsPerBlock=32.0 shareOfCallback=18.6%
2026-10-06T23:12:06.359+02:00   profile: remainder (DAL work outside plug-in / proxy calls): perBlock ms(mean/max)=0.192/0.416 shareOfCallback=9.2%
2026-10-06T23:12:06.361+02:00   profile: phase instrument-begin-block: perBlock ms(mean/max)=0.014/0.250
2026-10-06T23:12:06.363+02:00   profile: phase live-midi: perBlock ms(mean/max)=0.003/0.026
2026-10-06T23:12:06.365+02:00   profile: phase clip-render(incl. audio inserts): perBlock ms(mean/max)=0.051/0.153
2026-10-06T23:12:06.367+02:00   profile: phase midi-schedule: perBlock ms(mean/max)=0.038/0.123
2026-10-06T23:12:06.369+02:00   profile: phase monitor: perBlock ms(mean/max)=0.000/0.003
2026-10-06T23:12:06.371+02:00   profile: phase instrument-mix(incl. inserts): perBlock ms(mean/max)=1.983/3.611
2026-10-06T23:12:06.373+02:00   profile: phase finalize(buses incl. inserts): perBlock ms(mean/max)=0.001/0.014
2026-10-06T23:12:06.376+02:00   profile: worst block: total=3.740 ms (512 samples): instrument-plugin CPU 14.974 | proxy-mix 0.000 | insert-plugin 1.031 | generation-section wall 2.392 | remainder 0.316
2026-10-06T23:12:06.378+02:00   profile: generation section (dispatch -> join): wall perBlock ms(mean/max)=1.514/2.993 callbackIdleWait ms(mean/max)=0.062/0.783 jobsPerBlock=48.0 parallelBlocks=2816 of 2816 effectiveParallelism(instrumentCPU/sectionWall)=7.29 (parallel blocks only: 7.29)
2026-10-06T23:12:06.380+02:00   profile: NOTE: category instrument-plugin is SUMMED CPU time across render threads; the callback's elapsed time for that work is the generation-section wall.
2026-10-06T23:12:06.382+02:00   profile: callback start intervals: n=2816 ms(mean/max)=10.666/10.898 lateStarts(>1.25x period)=0
2026-10-06T23:12:06.384+02:00   profile: instances with calls=80 of registered 98; top 12 by summed ms:
2026-10-06T23:12:06.387+02:00   profile:   #1 track 42 "VB3-II" plugin "VB3-II" mode=instrument-plugin calls=2815 meanPerCall=357.7 us maxCall=1.816 ms perBlock=0.358 ms share=17.1%
2026-10-06T23:12:06.389+02:00   profile:   #2 track 30 "VB3-II" plugin "VB3-II" mode=instrument-plugin calls=2815 meanPerCall=347.2 us maxCall=1.805 ms perBlock=0.347 ms share=16.6%
2026-10-06T23:12:06.391+02:00   profile:   #3 track 96 "VB3-II" plugin "VB3-II" mode=instrument-plugin calls=2815 meanPerCall=343.4 us maxCall=1.399 ms perBlock=0.343 ms share=16.4%
2026-10-06T23:12:06.393+02:00   profile:   #4 track 54 "VB3-II" plugin "VB3-II" mode=instrument-plugin calls=2815 meanPerCall=341.8 us maxCall=1.783 ms perBlock=0.342 ms share=16.3%
2026-10-06T23:12:06.396+02:00   profile:   #5 track 84 "VB3-II" plugin "VB3-II" mode=instrument-plugin calls=2815 meanPerCall=341.0 us maxCall=1.639 ms perBlock=0.341 ms share=16.3%
2026-10-06T23:12:06.398+02:00   profile:   #6 track 24 "VB3-II" plugin "VB3-II" mode=instrument-plugin calls=2815 meanPerCall=339.8 us maxCall=1.712 ms perBlock=0.340 ms share=16.2%
2026-10-06T23:12:06.400+02:00   profile:   #7 track 60 "VB3-II" plugin "VB3-II" mode=instrument-plugin calls=2815 meanPerCall=338.1 us maxCall=1.539 ms perBlock=0.338 ms share=16.1%
2026-10-06T23:12:06.402+02:00   profile:   #8 track 36 "VB3-II" plugin "VB3-II" mode=instrument-plugin calls=2815 meanPerCall=336.5 us maxCall=1.650 ms perBlock=0.336 ms share=16.0%
2026-10-06T23:12:06.404+02:00   profile:   #9 track 12 "VB3-II" plugin "VB3-II" mode=instrument-plugin calls=2815 meanPerCall=336.3 us maxCall=1.688 ms perBlock=0.336 ms share=16.0%
2026-10-06T23:12:06.407+02:00   profile:   #10 track 48 "VB3-II" plugin "VB3-II" mode=instrument-plugin calls=2815 meanPerCall=336.1 us maxCall=1.888 ms perBlock=0.336 ms share=16.0%
2026-10-06T23:12:06.410+02:00   profile:   #11 track 78 "VB3-II" plugin "VB3-II" mode=instrument-plugin calls=2815 meanPerCall=335.3 us maxCall=1.689 ms perBlock=0.335 ms share=16.0%
2026-10-06T23:12:06.412+02:00   profile:   #12 track 72 "VB3-II" plugin "VB3-II" mode=instrument-plugin calls=2815 meanPerCall=334.6 us maxCall=1.757 ms perBlock=0.334 ms share=16.0%
2026-10-06T23:12:06.415+02:00   profile: top 12 together = 194.9% of callback time
2026-10-06T23:12:06.418+02:00   profile: by plug-in (instances, perBlock ms, share): [VB3-II x16 5.408 ms 257.9%] [Groove Agent SE x16 4.362 ms 208.0%] [HALion Sonic x16 1.266 ms 60.4%] [Pro-Q 3 [Post] x16 0.236 ms 11.2%] [DAL Mono Delay [Post] x16 0.155 ms 7.4%]
2026-10-06T23:12:06.423+02:00 step end ok: perf-profile: configured collect elapsedMs=89
2026-10-06T23:12:06.630+02:00 step begin: perf-profile: stop playback, profiler off
2026-10-06T23:12:06.637+02:00 step end ok: perf-profile: stop playback, profiler off elapsedMs=0
2026-10-06T23:12:07.439+02:00 RESULT: PASS scenario=perf-profile totalMs=87097
