2026-10-06T22:54:24.060+02:00 stability test mode active (prompts auto-answer deterministically)
2026-10-06T22:54:27.006+02:00 ================================================================
2026-10-06T22:54:27.009+02:00 scenario start: perf-profile iterations=1 projectA=C:\Users\nicla\AppData\Local\Temp\dal-perf-100tracks\TSE_pt2_100tracks.dalproj
2026-10-06T22:54:27.011+02:00 steps queued: 10 (delete-loop iterations expand at plan time)
2026-10-06T22:54:27.520+02:00 step begin: perf-profile: load TSE_pt2_100tracks.dalproj
2026-10-06T22:54:46.901+02:00 step end ok: perf-profile: load TSE_pt2_100tracks.dalproj elapsedMs=19374
2026-10-06T22:54:46.937+02:00   [LiveMidi] input opened: "Babyface Midi Port 1" (\\?\usb#vid_2a39&pid_3fc0#3a17a1b250b3200#{6994ad04-93ef-11d0-a3cc-00a0c9223196}\ffusbmidi1)
2026-10-06T22:55:09.186+02:00 step begin: perf-profile: verify loaded
2026-10-06T22:55:09.188+02:00   track count after load: 101
2026-10-06T22:55:09.192+02:00 step end ok: perf-profile: verify loaded elapsedMs=1
2026-10-06T22:55:09.529+02:00 step begin: perf-profile: settle after load (plug-ins / proxies ready)
2026-10-06T22:55:09.536+02:00 step end ok: perf-profile: settle after load (plug-ins / proxies ready) elapsedMs=0
2026-10-06T22:55:17.585+02:00 step begin: perf-profile: runtime conditions
2026-10-06T22:55:17.588+02:00   exe=C:\Users\nicla\development\MiniDAWLab\build\ninja-release\MiniDAWLab_artefacts\Release\MiniDAWLab.exe version=1.1.17 config=Release | cpu="Intel(R) Core(TM) Ultra 9 275HX" physicalCores=24 logicalCores=24 ram=97599 MB | [JUCE active] ASIO | "ASIO Fireface USB" | 48000 Hz | buf 512 | in: none (lat 535 (~11.15 ms)) | out: Analog 1 (1), Analog 2 (1) (lat 552 (~11.50 ms)) | offeredBufferSizes=512 default=512
2026-10-06T22:55:17.594+02:00 step end ok: perf-profile: runtime conditions elapsedMs=3
2026-10-06T22:55:17.941+02:00 step begin: perf-profile: project load (loaded vs processed)
2026-10-06T22:55:17.944+02:00   exe=C:\Users\nicla\development\MiniDAWLab\build\ninja-release\MiniDAWLab_artefacts\Release\MiniDAWLab.exe version=1.1.17 config=Release | cpu="Intel(R) Core(TM) Ultra 9 275HX" physicalCores=24 logicalCores=24 ram=97599 MB | [JUCE active] ASIO | "ASIO Fireface USB" | 48000 Hz | buf 512 | in: none (lat 535 (~11.15 ms)) | out: Analog 1 (1), Analog 2 (1) (lat 552 (~11.50 ms)) | offeredBufferSizes=512 default=512
2026-10-06T22:55:17.946+02:00   tracks: audio=36 instrument=48 midi=16 group=0 master=1 (muted=36 off=0) | instrument registry entries=48 primaryLoaded=48 primaryEmpty=0 proxySelected=0 secondaryLoaded(notProcessedWhilePlaying)=0 | insert chains=50 instances=50 | proxy states: 3:Primary,5:Primary,80:Primary,16:Primary,72:Primary,8:Primary,82:Primary,18:Primary,74:Primary,10:Primary,76:Primary,12:Primary,78:Primary,14:Primary,84:Primary,20:Primary,86:Primary,22:Primary,88:Primary,24:Primary,90:Primary,26:Primary,92:Primary,28:Primary,94:Primary,30:Primary,96:Primary,32:Primary,98:Primary,34:Primary,36:Primary,38:Primary,40:Primary,42:Primary,44:Primary,46:Primary,48:Primary,50:Primary,52:Primary,54:Primary,56:Primary,58:Primary,60:Primary,62:Primary,64:Primary,66:Primary,68:Primary,70:Primary
2026-10-06T22:55:17.952+02:00 step end ok: perf-profile: project load (loaded vs processed) elapsedMs=4
2026-10-06T22:55:18.301+02:00 step begin: perf-profile: mixer window closed
2026-10-06T22:55:18.303+02:00   mixer visible=no
2026-10-06T22:55:18.308+02:00 step end ok: perf-profile: mixer window closed elapsedMs=2
2026-10-06T22:55:18.661+02:00 step begin: perf-profile: start playback (warm-up 5 s)
2026-10-06T22:55:18.663+02:00   start at 0.00 s (sample 0) cycle=on profiler=ON generation=as configured | workers=7 (threads incl. callback=8) serialForced=no parallelBlocks=2977 serialBlocks=1 jobsByCallback=20338 jobsByWorkers=122606 joinKernelWaits=901 lastDispatchWallMs=1.028 lastJoinWaitMs=0.029 (cumulative since start)
2026-10-06T22:55:18.674+02:00 step end ok: perf-profile: start playback (warm-up 5 s) elapsedMs=6
2026-10-06T22:55:23.727+02:00 step begin: perf-profile: configured measurement window begins (45 s)
2026-10-06T22:55:23.730+02:00   window start: playhead=242688 proxyUnderrunsSoFar=0 proxySelected=0 workingSet=9369.79 MB private=9640.63 MB
2026-10-06T22:55:23.736+02:00 step end ok: perf-profile: configured measurement window begins (45 s) elapsedMs=2
2026-10-06T22:56:08.781+02:00 step begin: perf-profile: configured collect
2026-10-06T22:56:08.784+02:00   === window: configured ===
2026-10-06T22:56:08.787+02:00   window end: wall=45.06 s playhead=437888 (started 242688)
2026-10-06T22:56:08.790+02:00   engine: blocks=4225 block=512 sr=48000 budgetMs=10.667 ms(min/mean/max)=1.581/2.251/4.057 budget%(mean/max)=21.1/38.0 nearOverruns(>70%)=0 overruns(>=100%)=0
2026-10-06T22:56:08.792+02:00   output: peakHold=0.374 masterPeakL/R=0.336/0.374 oversL/R=0/0 rmsL/R=0.0384/0.0422 nonFinite=0
2026-10-06T22:56:08.794+02:00   proxy: selectedDestinations=0 underrunsInWindow=0 (total 0)
2026-10-06T22:56:08.796+02:00   instruments: hosts with live processBlock blocks=48 hosts with proxy-mixed blocks=0 hosts with neither=0 (cumulative since device start; a host can appear in both after a source switch)
2026-10-06T22:56:08.798+02:00   render pool: workers=7 (threads incl. callback=8) serialForced=no parallelBlocks=7678 serialBlocks=1 jobsByCallback=47601 jobsByWorkers=320991 joinKernelWaits=1225 lastDispatchWallMs=1.522 lastJoinWaitMs=0.000 (cumulative since start)
2026-10-06T22:56:08.800+02:00   process: cpu=165.9% of one core (6.9% of 24 cores) systemBusy=22.8% workingSet=9363.78 MB private=9634.39 MB pageFaultsInWindow=49 (soft+hard; 1.08751/s)
2026-10-06T22:56:08.802+02:00   profile: blocks=4226 callback ms(mean/max)=2.251/4.057
2026-10-06T22:56:08.804+02:00   profile: category instrument-plugin: perBlock ms(mean/max)=11.943/20.950 callsPerBlock=48.0 shareOfCallback=530.5%
2026-10-06T22:56:08.806+02:00   profile: category proxy-mix: perBlock ms(mean/max)=0.000/0.000 callsPerBlock=0.0 shareOfCallback=0.0%
2026-10-06T22:56:08.808+02:00   profile: category insert-plugin: perBlock ms(mean/max)=0.423/0.970 callsPerBlock=32.0 shareOfCallback=18.8%
2026-10-06T22:56:08.810+02:00   profile: remainder (DAL work outside plug-in / proxy calls): perBlock ms(mean/max)=0.197/0.725 shareOfCallback=8.8%
2026-10-06T22:56:08.813+02:00   profile: phase instrument-begin-block: perBlock ms(mean/max)=0.016/0.075
2026-10-06T22:56:08.815+02:00   profile: phase live-midi: perBlock ms(mean/max)=0.003/0.037
2026-10-06T22:56:08.817+02:00   profile: phase clip-render(incl. audio inserts): perBlock ms(mean/max)=0.047/0.590
2026-10-06T22:56:08.819+02:00   profile: phase midi-schedule: perBlock ms(mean/max)=0.043/0.139
2026-10-06T22:56:08.821+02:00   profile: phase monitor: perBlock ms(mean/max)=0.000/0.005
2026-10-06T22:56:08.823+02:00   profile: phase instrument-mix(incl. inserts): perBlock ms(mean/max)=2.133/3.876
2026-10-06T22:56:08.825+02:00   profile: phase finalize(buses incl. inserts): perBlock ms(mean/max)=0.002/0.014
2026-10-06T22:56:08.827+02:00   profile: worst block: total=4.057 ms (512 samples): instrument-plugin CPU 15.899 | proxy-mix 0.000 | insert-plugin 0.377 | generation-section wall 3.438 | remainder 0.242
2026-10-06T22:56:08.830+02:00   profile: generation section (dispatch -> join): wall perBlock ms(mean/max)=1.631/3.438 callbackIdleWait ms(mean/max)=0.058/1.553 jobsPerBlock=48.0 parallelBlocks=4226 of 4226 effectiveParallelism(instrumentCPU/sectionWall)=7.32 (parallel blocks only: 7.32)
2026-10-06T22:56:08.833+02:00   profile: NOTE: category instrument-plugin is SUMMED CPU time across render threads; the callback's elapsed time for that work is the generation-section wall.
2026-10-06T22:56:08.834+02:00   profile: callback start intervals: n=4226 ms(mean/max)=10.666/11.659 lateStarts(>1.25x period)=0
2026-10-06T22:56:08.836+02:00   profile: instances with calls=80 of registered 98; top 12 by summed ms:
2026-10-06T22:56:08.838+02:00   profile:   #1 track 42 "VB3-II" plugin "VB3-II" mode=instrument-plugin calls=4226 meanPerCall=384.0 us maxCall=1.372 ms perBlock=0.384 ms share=17.1%
2026-10-06T22:56:08.840+02:00   profile:   #2 track 24 "VB3-II" plugin "VB3-II" mode=instrument-plugin calls=4226 meanPerCall=380.4 us maxCall=1.582 ms perBlock=0.380 ms share=16.9%
2026-10-06T22:56:08.842+02:00   profile:   #3 track 78 "VB3-II" plugin "VB3-II" mode=instrument-plugin calls=4226 meanPerCall=379.3 us maxCall=1.793 ms perBlock=0.379 ms share=16.8%
2026-10-06T22:56:08.844+02:00   profile:   #4 track 60 "VB3-II" plugin "VB3-II" mode=instrument-plugin calls=4226 meanPerCall=379.0 us maxCall=1.516 ms perBlock=0.379 ms share=16.8%
2026-10-06T22:56:08.846+02:00   profile:   #5 track 48 "VB3-II" plugin "VB3-II" mode=instrument-plugin calls=4226 meanPerCall=378.8 us maxCall=1.522 ms perBlock=0.379 ms share=16.8%
2026-10-06T22:56:08.848+02:00   profile:   #6 track 72 "VB3-II" plugin "VB3-II" mode=instrument-plugin calls=4226 meanPerCall=378.3 us maxCall=1.732 ms perBlock=0.378 ms share=16.8%
2026-10-06T22:56:08.851+02:00   profile:   #7 track 30 "VB3-II" plugin "VB3-II" mode=instrument-plugin calls=4226 meanPerCall=378.2 us maxCall=1.488 ms perBlock=0.378 ms share=16.8%
2026-10-06T22:56:08.854+02:00   profile:   #8 track 12 "VB3-II" plugin "VB3-II" mode=instrument-plugin calls=4226 meanPerCall=377.9 us maxCall=1.459 ms perBlock=0.378 ms share=16.8%
2026-10-06T22:56:08.856+02:00   profile:   #9 track 66 "VB3-II" plugin "VB3-II" mode=instrument-plugin calls=4226 meanPerCall=377.5 us maxCall=2.423 ms perBlock=0.378 ms share=16.8%
2026-10-06T22:56:08.858+02:00   profile:   #10 track 90 "VB3-II" plugin "VB3-II" mode=instrument-plugin calls=4226 meanPerCall=375.5 us maxCall=1.686 ms perBlock=0.375 ms share=16.7%
2026-10-06T22:56:08.860+02:00   profile:   #11 track 18 "VB3-II" plugin "VB3-II" mode=instrument-plugin calls=4226 meanPerCall=375.2 us maxCall=1.655 ms perBlock=0.375 ms share=16.7%
2026-10-06T22:56:08.862+02:00   profile:   #12 track 84 "VB3-II" plugin "VB3-II" mode=instrument-plugin calls=4226 meanPerCall=373.6 us maxCall=1.731 ms perBlock=0.374 ms share=16.6%
2026-10-06T22:56:08.864+02:00   profile: top 12 together = 201.6% of callback time
2026-10-06T22:56:08.866+02:00   profile: by plug-in (instances, perBlock ms, share): [VB3-II x16 6.011 ms 267.0%] [Groove Agent SE x16 4.630 ms 205.7%] [HALion Sonic x16 1.301 ms 57.8%] [Pro-Q 3 [Post] x16 0.255 ms 11.3%] [DAL Mono Delay [Post] x16 0.168 ms 7.5%]
2026-10-06T22:56:08.871+02:00 step end ok: perf-profile: configured collect elapsedMs=84
2026-10-06T22:56:09.077+02:00 step begin: perf-profile: stop playback, profiler off
2026-10-06T22:56:09.083+02:00 step end ok: perf-profile: stop playback, profiler off elapsedMs=0
2026-10-06T22:56:09.888+02:00 RESULT: PASS scenario=perf-profile totalMs=102882
