2026-10-06T18:53:04.412+02:00 stability test mode active (prompts auto-answer deterministically)
2026-10-06T18:53:07.817+02:00 ================================================================
2026-10-06T18:53:07.821+02:00 scenario start: mixer iterations=1 projectA=C:\Users\nicla\AppData\Local\Temp\dal-tse-vb3\TSE_pt2.dalproj
2026-10-06T18:53:07.833+02:00 steps queued: 45 (delete-loop iterations expand at plan time)
2026-10-06T18:53:08.380+02:00 step begin: mixer: sibling copy
2026-10-06T18:53:08.389+02:00 step end ok: mixer: sibling copy elapsedMs=3
2026-10-06T18:53:08.531+02:00 step begin: mixer: load TSE_pt2-mixer.dalproj
2026-10-06T18:53:12.692+02:00 step end ok: mixer: load TSE_pt2-mixer.dalproj elapsedMs=4150
2026-10-06T18:53:12.725+02:00   [LiveMidi] input opened: "Babyface Midi Port 1" (\\?\usb#vid_2a39&pid_3fc0#3a17a1b250b3200#{6994ad04-93ef-11d0-a3cc-00a0c9223196}\ffusbmidi1)
2026-10-06T18:53:16.777+02:00 step begin: mixer: verify loaded
2026-10-06T18:53:16.779+02:00   track count after load: 7
2026-10-06T18:53:16.789+02:00 step end ok: mixer: verify loaded elapsedMs=6
2026-10-06T18:53:17.104+02:00 step begin: mixer: F3 shows the window (one instance), F3 hides, F3 shows again
2026-10-06T18:53:17.160+02:00   mixer visible after F3; instances=1 hidden after second F3=yes instances after third F3=1
2026-10-06T18:53:17.171+02:00 step end ok: mixer: F3 shows the window (one instance), F3 hides, F3 shows again elapsedMs=56
2026-10-06T18:53:17.789+02:00 step begin: mixer: add a Group row when the project has none (routing / send target)
2026-10-06T18:53:17.793+02:00   added group row 9
2026-10-06T18:53:17.798+02:00 step end ok: mixer: add a Group row when the project has none (routing / send target) elapsedMs=3
2026-10-06T18:53:18.300+02:00 step begin: mixer: strips follow the arrangement order; every kind present; Stereo Out fixed
2026-10-06T18:53:18.304+02:00   strips: 1:AUDIO(Track 1) 3:INSTRUMENT(Track 3) 4:AUDIO(Track 4) 5:INSTRUMENT(VB3-II) 7:MIDI(MIDI 1) 8:INSTRUMENT(Track 8) 9:GROUP(Group 1) | master 2:STEREO OUT
2026-10-06T18:53:18.307+02:00   horizontal scroll to x=43; Stereo Out strip at 1612 356 150 779 -> 1612 356 150 779
2026-10-06T18:53:18.309+02:00       mixer window 579 327 1184 821 visible=yes
2026-10-06T18:53:18.312+02:00       mixer content 0 0 1184 821 toolbar h=30 strips viewport 0 30 1028 791 master viewport 1034 30 150 791
2026-10-06T18:53:18.314+02:00       strip height 779 (minimum 667), 7 strips + master; heights routing=141 preGain=34 preInserts=69 postInserts=69 sends=95
2026-10-06T18:53:18.323+02:00       section Routing=shown  section Pre-gain=shown  section Pre inserts=shown  section Post inserts=shown  section Sends=shown  section Faders=shown  section Meters=shown
2026-10-06T18:53:18.326+02:00       dividers: routing|preGain@209 preGain|preInserts@247 preInserts|postInserts@320 postInserts|sends@393 sends|lower@492
2026-10-06T18:53:18.378+02:00   evidence: C:\Users\nicla\AppData\Local\Temp\dal-stability-mixer\mixer-all-sections-scrolled.png
2026-10-06T18:53:18.390+02:00 step end ok: mixer: strips follow the arrangement order; every kind present; Stereo Out fixed elapsedMs=81
2026-10-06T18:53:18.800+02:00 step begin: mixer: hide Routing, Pre inserts, Post inserts, Sends through the toolbar
2026-10-06T18:53:18.830+02:00   sections: routing=0 preGain=1 preInserts=0 postInserts=0 sends=0 faders=1 meters=1 
2026-10-06T18:53:18.837+02:00 step end ok: mixer: hide Routing, Pre inserts, Post inserts, Sends through the toolbar elapsedMs=31
2026-10-06T18:53:19.262+02:00 step begin: mixer: layout with faders + meters only
2026-10-06T18:53:19.266+02:00       mixer window 579 327 1184 821 visible=yes
2026-10-06T18:53:19.270+02:00       mixer content 0 0 1184 821 toolbar h=30 strips viewport 0 30 1028 791 master viewport 1034 30 150 791
2026-10-06T18:53:19.273+02:00       strip height 779 (minimum 277), 7 strips + master; heights routing=141 preGain=34 preInserts=69 postInserts=69 sends=95
2026-10-06T18:53:19.283+02:00       section Routing=hidden  section Pre-gain=shown  section Pre inserts=hidden  section Post inserts=hidden  section Sends=hidden  section Faders=shown  section Meters=shown
2026-10-06T18:53:19.287+02:00       dividers: preGain|lower@102
2026-10-06T18:53:19.333+02:00   evidence: C:\Users\nicla\AppData\Local\Temp\dal-stability-mixer\mixer-faders-meters.png
2026-10-06T18:53:19.347+02:00 step end ok: mixer: layout with faders + meters only elapsedMs=70
2026-10-06T18:53:19.552+02:00 step begin: mixer: hide Meters too (faders alone), then Faders alone hidden (meters alone)
2026-10-06T18:53:19.566+02:00       mixer window 579 327 1184 821 visible=yes
2026-10-06T18:53:19.569+02:00       mixer content 0 0 1184 821 toolbar h=30 strips viewport 0 30 1028 791 master viewport 1034 30 150 791
2026-10-06T18:53:19.571+02:00       strip height 779 (minimum 277), 7 strips + master; heights routing=141 preGain=34 preInserts=69 postInserts=69 sends=95
2026-10-06T18:53:19.574+02:00       section Routing=hidden  section Pre-gain=shown  section Pre inserts=hidden  section Post inserts=hidden  section Sends=hidden  section Faders=shown  section Meters=hidden
2026-10-06T18:53:19.582+02:00       dividers: preGain|lower@102
2026-10-06T18:53:19.624+02:00   evidence: C:\Users\nicla\AppData\Local\Temp\dal-stability-mixer\mixer-faders-only.png
2026-10-06T18:53:19.644+02:00       mixer window 579 327 1184 821 visible=yes
2026-10-06T18:53:19.647+02:00       mixer content 0 0 1184 821 toolbar h=30 strips viewport 0 30 1028 791 master viewport 1034 30 150 791
2026-10-06T18:53:19.650+02:00       strip height 779 (minimum 277), 7 strips + master; heights routing=141 preGain=34 preInserts=69 postInserts=69 sends=95
2026-10-06T18:53:19.652+02:00       section Routing=hidden  section Pre-gain=shown  section Pre inserts=hidden  section Post inserts=hidden  section Sends=hidden  section Faders=hidden  section Meters=shown
2026-10-06T18:53:19.654+02:00       dividers: preGain|lower@102
2026-10-06T18:53:19.695+02:00   evidence: C:\Users\nicla\AppData\Local\Temp\dal-stability-mixer\mixer-meters-only.png
2026-10-06T18:53:19.710+02:00 step end ok: mixer: hide Meters too (faders alone), then Faders alone hidden (meters alone) elapsedMs=144
2026-10-06T18:53:20.017+02:00 step begin: mixer: show every section again
2026-10-06T18:53:20.052+02:00       mixer window 579 327 1184 821 visible=yes
2026-10-06T18:53:20.055+02:00       mixer content 0 0 1184 821 toolbar h=30 strips viewport 0 30 1028 791 master viewport 1034 30 150 791
2026-10-06T18:53:20.057+02:00       strip height 779 (minimum 667), 7 strips + master; heights routing=141 preGain=34 preInserts=69 postInserts=69 sends=95
2026-10-06T18:53:20.060+02:00       section Routing=shown  section Pre-gain=shown  section Pre inserts=shown  section Post inserts=shown  section Sends=shown  section Faders=shown  section Meters=shown
2026-10-06T18:53:20.062+02:00       dividers: routing|preGain@209 preGain|preInserts@247 preInserts|postInserts@320 postInserts|sends@393 sends|lower@492
2026-10-06T18:53:20.115+02:00   evidence: C:\Users\nicla\AppData\Local\Temp\dal-stability-mixer\mixer-all-sections.png
2026-10-06T18:53:20.121+02:00 step end ok: mixer: show every section again elapsedMs=98
2026-10-06T18:53:20.528+02:00 step begin: mixer: activate another row, then edit the audio row's fader / pan / pre-gain / routing / send through its strip
2026-10-06T18:53:20.531+02:00   fader typed -6 on the audio strip: session gain 1.000 -> 0.501 (expected 0.501); other (active) row 0.708 -> 0.708
2026-10-06T18:53:20.536+02:00   after pan 0.5 / pre-gain +3: track 1 kind=audio name="Track 1" muted=YES off=no fader=0.501 preGainDb=3.00 pan=0.50 output=2 monitor=off inserts=[] chainActiveForAudioThread=no
2026-10-06T18:53:20.542+02:00   audio output Stereo Out -> Group 1 | track 1 kind=audio name="Track 1" muted=YES off=no fader=0.501 preGainDb=3.00 pan=0.50 output=9 monitor=off inserts=[] chainActiveForAudioThread=no
2026-10-06T18:53:20.545+02:00   send 1 -> Group 1 amount -6.00
2026-10-06T18:53:20.551+02:00 step end ok: mixer: activate another row, then edit the audio row's fader / pan / pre-gain / routing / send through its strip elapsedMs=16
2026-10-06T18:53:20.990+02:00 step begin: mixer: the strip's selectors show the committed routing / send after the poll
2026-10-06T18:53:20.993+02:00   audio row now: track 1 kind=audio name="Track 1" muted=YES off=no fader=0.501 preGainDb=3.00 pan=0.50 output=9 monitor=off inserts=[] chainActiveForAudioThread=no | strip output "Group 1" send 1 "Group 1" -6.00
2026-10-06T18:53:20.998+02:00 step end ok: mixer: the strip's selectors show the committed routing / send after the poll elapsedMs=2
2026-10-06T18:53:21.248+02:00 step begin: mixer: activate the audio row like a header click
2026-10-06T18:53:21.255+02:00 step end ok: mixer: activate the audio row like a header click elapsedMs=1
2026-10-06T18:53:21.604+02:00 step begin: mixer: the Inspector shows the same values as the strip for the now-active audio row
2026-10-06T18:53:21.608+02:00   Inspector fader "-6.00" / strip "-6.00"; Inspector pre-gain "+3.0" / strip "+3.0"
2026-10-06T18:53:21.614+02:00 step end ok: mixer: the Inspector shows the same values as the strip for the now-active audio row elapsedMs=3
2026-10-06T18:53:22.065+02:00 step begin: mixer: insert row 'move to the other stage' through the strip
2026-10-06T18:53:22.068+02:00   row 4 strip inserts: Pre:AmpliTube 4  | host: track 4 kind=audio name="Track 4" muted=YES off=no fader=1.000 preGainDb=-24.00 pan=0.00 output=2 monitor=off inserts=[Pre:AmpliTube 4] chainActiveForAudioThread=yes
2026-10-06T18:53:22.079+02:00 step end ok: mixer: insert row 'move to the other stage' through the strip elapsedMs=7
2026-10-06T18:53:22.524+02:00 step begin: mixer: the strip and the host show the moved insert; undo
2026-10-06T18:53:22.527+02:00   after 'move to other stage': Post:AmpliTube 4  | host: track 4 kind=audio name="Track 4" muted=YES off=no fader=1.000 preGainDb=-24.00 pan=0.00 output=2 monitor=off inserts=[Post:AmpliTube 4] chainActiveForAudioThread=yes
2026-10-06T18:53:26.541+02:00 step end ok: mixer: the strip and the host show the moved insert; undo elapsedMs=4010
2026-10-06T18:53:27.059+02:00 step begin: mixer: undo restored the insert stages on the strip
2026-10-06T18:53:27.068+02:00   after undo: Pre:AmpliTube 4 
2026-10-06T18:53:27.074+02:00 step end ok: mixer: undo restored the insert stages on the strip elapsedMs=3
2026-10-06T18:53:27.314+02:00 step begin: mixer: Mute through the strip
2026-10-06T18:53:27.323+02:00   mute was on | track 1 kind=audio name="Track 1" muted=no off=no fader=0.501 preGainDb=3.00 pan=0.50 output=9 monitor=off inserts=[] chainActiveForAudioThread=no
2026-10-06T18:53:27.330+02:00 step end ok: mixer: Mute through the strip elapsedMs=4
2026-10-06T18:53:27.672+02:00 step begin: mixer: the strip shows the toggled mute; toggle back
2026-10-06T18:53:27.675+02:00   mute now off | track 1 kind=audio name="Track 1" muted=no off=no fader=0.501 preGainDb=3.00 pan=0.50 output=9 monitor=off inserts=[] chainActiveForAudioThread=no
2026-10-06T18:53:27.680+02:00 step end ok: mixer: the strip shows the toggled mute; toggle back elapsedMs=3
2026-10-06T18:53:28.031+02:00 step begin: mixer: play from 24 s with the instrument row active
2026-10-06T18:53:28.035+02:00   playing from 24 s at 48000 Hz
2026-10-06T18:53:28.040+02:00 step end ok: mixer: play from 24 s with the instrument row active elapsedMs=3
2026-10-06T18:53:31.558+02:00 step begin: mixer: two rows + Stereo Out meter concurrently; Inspector and mixer agree on the active row
2026-10-06T18:53:31.561+02:00   held peaks: Track 1=0.000 Track 3=0.578 Track 4=0.000 VB3-II=0.174 MIDI 1=0.000 Track 8=0.148 Group 1=0.000 Stereo Out=0.365 
2026-10-06T18:53:31.568+02:00   Stereo Out held=0.365 | active row 3: Inspector held=0.578 mixer held=0.578 | hub interest: 1 3 4 5 8 9 
2026-10-06T18:53:31.571+02:00       mixer window 579 327 1184 821 visible=yes
2026-10-06T18:53:31.574+02:00       mixer content 0 0 1184 821 toolbar h=30 strips viewport 0 30 1028 791 master viewport 1034 30 150 791
2026-10-06T18:53:31.576+02:00       strip height 779 (minimum 667), 7 strips + master; heights routing=141 preGain=34 preInserts=69 postInserts=69 sends=95
2026-10-06T18:53:31.579+02:00       section Routing=shown  section Pre-gain=shown  section Pre inserts=shown  section Post inserts=shown  section Sends=shown  section Faders=shown  section Meters=shown
2026-10-06T18:53:31.581+02:00       dividers: routing|preGain@209 preGain|preInserts@247 preInserts|postInserts@320 postInserts|sends@393 sends|lower@492
2026-10-06T18:53:31.631+02:00   evidence: C:\Users\nicla\AppData\Local\Temp\dal-stability-mixer\mixer-playing.png
2026-10-06T18:53:31.639+02:00 step end ok: mixer: two rows + Stereo Out meter concurrently; Inspector and mixer agree on the active row elapsedMs=75
2026-10-06T18:53:31.743+02:00 step begin: mixer: toggle the window while playing (1/5)
2026-10-06T18:53:31.755+02:00 step end ok: mixer: toggle the window while playing (1/5) elapsedMs=5
2026-10-06T18:53:31.949+02:00 step begin: mixer: toggle the window while playing (2/5)
2026-10-06T18:53:31.977+02:00 step end ok: mixer: toggle the window while playing (2/5) elapsedMs=16
2026-10-06T18:53:32.154+02:00 step begin: mixer: toggle the window while playing (3/5)
2026-10-06T18:53:32.168+02:00 step end ok: mixer: toggle the window while playing (3/5) elapsedMs=5
2026-10-06T18:53:32.361+02:00 step begin: mixer: toggle the window while playing (4/5)
2026-10-06T18:53:32.391+02:00 step end ok: mixer: toggle the window while playing (4/5) elapsedMs=24
2026-10-06T18:53:32.565+02:00 step begin: mixer: toggle the window while playing (5/5)
2026-10-06T18:53:32.582+02:00 step end ok: mixer: toggle the window while playing (5/5) elapsedMs=4
2026-10-06T18:53:32.769+02:00 step begin: mixer: hidden -> no metered mixer rows; shown again -> runtime fingerprint unchanged
2026-10-06T18:53:32.795+02:00   runtime before: intent=1 chains=5:1,8:1,4:1, instruments=3:1fd5a7c8490/1fd5a7c0630,5:1fd6dcd2830/1fd6ca2fb20,8:1fd70be2010/1fd742c68c0,
2026-10-06T18:53:32.798+02:00   runtime after:  intent=1 chains=5:1,8:1,4:1, instruments=3:1fd5a7c8490/1fd5a7c0630,5:1fd6dcd2830/1fd6ca2fb20,8:1fd70be2010/1fd742c68c0, | metered rows while hidden: 1 (the Inspector's row only)
2026-10-06T18:53:32.810+02:00 step end ok: mixer: hidden -> no metered mixer rows; shown again -> runtime fingerprint unchanged elapsedMs=34
2026-10-06T18:53:33.235+02:00 step begin: mixer: delete a row through the header's Delete Track path
2026-10-06T18:53:35.626+02:00 step end ok: mixer: delete a row through the header's Delete Track path elapsedMs=2385
2026-10-06T18:53:36.242+02:00 step begin: mixer: the deleted row's strip is gone; undo
2026-10-06T18:53:36.246+02:00   strips 7 -> 6; deleted row strip gone=yes
2026-10-06T18:53:38.053+02:00 step end ok: mixer: the deleted row's strip is gone; undo elapsedMs=1802
2026-10-06T18:53:38.874+02:00 step begin: mixer: undo brought the strip back
2026-10-06T18:53:38.877+02:00   after undo: 7 strips: 1:AUDIO(Track 1) 3:INSTRUMENT(Track 3) 4:AUDIO(Track 4) 5:INSTRUMENT(VB3-II) 7:MIDI(MIDI 1) 8:INSTRUMENT(Track 8) 9:GROUP(Group 1) | master 2:STEREO OUT
2026-10-06T18:53:38.890+02:00 step end ok: mixer: undo brought the strip back elapsedMs=8
2026-10-06T18:53:39.129+02:00 step begin: mixer: save the copy
2026-10-06T18:53:39.277+02:00 step end ok: mixer: save the copy elapsedMs=141
2026-10-06T18:53:39.787+02:00 step begin: mixer-reload: load TSE_pt2-mixer.dalproj
2026-10-06T18:53:49.362+02:00 step end ok: mixer-reload: load TSE_pt2-mixer.dalproj elapsedMs=9568
2026-10-06T18:53:53.422+02:00 step begin: mixer-reload: verify loaded
2026-10-06T18:53:53.426+02:00   track count after load: 8
2026-10-06T18:53:53.436+02:00 step end ok: mixer-reload: verify loaded elapsedMs=7
2026-10-06T18:53:53.723+02:00 step begin: mixer: strips and the metered set were rebuilt for the reloaded project
2026-10-06T18:53:53.730+02:00   strips after reload: 1:AUDIO(Track 1) 3:INSTRUMENT(Track 3) 4:AUDIO(Track 4) 5:INSTRUMENT(VB3-II) 7:MIDI(MIDI 1) 8:INSTRUMENT(Track 8) 9:GROUP(Group 1) | master 2:STEREO OUT | metered rows all in snapshot: yes
2026-10-06T18:53:53.738+02:00 step end ok: mixer: strips and the metered set were rebuilt for the reloaded project elapsedMs=4
2026-10-06T18:53:54.177+02:00 step begin: mixer: move / resize the window and hide Sends
2026-10-06T18:53:54.191+02:00   window 579 327 1184 821 -> 599 337 1000 640, sends hidden
2026-10-06T18:53:54.202+02:00 step end ok: mixer: move / resize the window and hide Sends elapsedMs=15
2026-10-06T18:53:55.147+02:00 step begin: mixer: ui-layout.xml stores the bounds and the Sends flag and keeps the header width
2026-10-06T18:53:55.151+02:00   stored bounds 599 337 1000 640 (window 599 337 1000 640); sends=0; header width 149
2026-10-06T18:53:55.172+02:00 step end ok: mixer: ui-layout.xml stores the bounds and the Sends flag and keeps the header width elapsedMs=19
2026-10-06T18:53:55.810+02:00 step begin: mixer: pan drag on a non-active strip (press stick, drag, release) reaches that row; Inspector shows the same
2026-10-06T18:53:55.914+02:00   pan drag left: strip=-0.60 | track 1 kind=audio name="Track 1" muted=YES off=no fader=0.501 preGainDb=3.00 pan=-0.60 output=9 monitor=off inserts=[] chainActiveForAudioThread=no
2026-10-06T18:53:55.917+02:00   pan drag right: strip=0.75 | track 1 kind=audio name="Track 1" muted=YES off=no fader=0.501 preGainDb=3.00 pan=0.75 output=9 monitor=off inserts=[] chainActiveForAudioThread=no
2026-10-06T18:53:55.930+02:00 step end ok: mixer: pan drag on a non-active strip (press stick, drag, release) reaches that row; Inspector shows the same elapsedMs=109
2026-10-06T18:53:56.346+02:00 step begin: mixer: Inspector pan equals the strip's pan for the now-active row; back to centre via Ctrl-click path
2026-10-06T18:53:56.357+02:00   pan: strip=0.750 inspector=0.750
2026-10-06T18:53:56.422+02:00 step end ok: mixer: Inspector pan equals the strip's pan for the now-active row; back to centre via Ctrl-click path elapsedMs=62
2026-10-06T18:53:56.733+02:00 step begin: mixer: window 900 px high, then drag Pre|Post inserts down 54 px and Sends|faders down 60 px
2026-10-06T18:53:56.749+02:00   heights before: routing=141 preGain=34 preInserts=69 postInserts=69 sends=95 strip=858 dividers=5
2026-10-06T18:53:56.762+02:00   after Pre|Post drag (+54; Post stops at its minimum): routing=141 preGain=34 preInserts=87 postInserts=51 sends=95 strip=858
2026-10-06T18:53:56.771+02:00   after Sends|faders drag (+60): routing=141 preGain=34 preInserts=87 postInserts=51 sends=155 strip=858
2026-10-06T18:53:56.774+02:00       mixer window 579 327 1184 900 visible=yes
2026-10-06T18:53:56.782+02:00       mixer content 0 0 1184 900 toolbar h=30 strips viewport 0 30 1028 870 master viewport 1034 30 150 870
2026-10-06T18:53:56.785+02:00       strip height 858 (minimum 727), 7 strips + master; heights routing=141 preGain=34 preInserts=87 postInserts=51 sends=155
2026-10-06T18:53:56.788+02:00       section Routing=shown  section Pre-gain=shown  section Pre inserts=shown  section Post inserts=shown  section Sends=shown  section Faders=shown  section Meters=shown
2026-10-06T18:53:56.791+02:00       dividers: routing|preGain@209 preGain|preInserts@247 preInserts|postInserts@338 postInserts|sends@393 sends|lower@552
2026-10-06T18:53:56.845+02:00   evidence: C:\Users\nicla\AppData\Local\Temp\dal-stability-mixer\mixer-dividers-dragged.png
2026-10-06T18:53:56.852+02:00 step end ok: mixer: window 900 px high, then drag Pre|Post inserts down 54 px and Sends|faders down 60 px elapsedMs=108
2026-10-06T18:53:57.260+02:00 step begin: mixer: hiding Post inserts removes its divider; the Pre inserts height is kept when it returns
2026-10-06T18:53:57.275+02:00       mixer window 579 327 1184 900 visible=yes
2026-10-06T18:53:57.279+02:00       mixer content 0 0 1184 900 toolbar h=30 strips viewport 0 30 1028 870 master viewport 1034 30 150 870
2026-10-06T18:53:57.282+02:00       strip height 858 (minimum 672), 7 strips + master; heights routing=141 preGain=34 preInserts=87 postInserts=51 sends=155
2026-10-06T18:53:57.284+02:00       section Routing=shown  section Pre-gain=shown  section Pre inserts=shown  section Post inserts=hidden  section Sends=shown  section Faders=shown  section Meters=shown
2026-10-06T18:53:57.286+02:00       dividers: routing|preGain@209 preGain|preInserts@247 preInserts|sends@338 sends|lower@497
2026-10-06T18:53:57.340+02:00   evidence: C:\Users\nicla\AppData\Local\Temp\dal-stability-mixer\mixer-post-inserts-hidden.png
2026-10-06T18:53:57.351+02:00   dividers 5 -> 4 -> 5; heights before "routing=141 preGain=34 preInserts=87 postInserts=51 sends=155 strip=858" after "routing=141 preGain=34 preInserts=87 postInserts=51 sends=155 strip=858"
2026-10-06T18:53:57.365+02:00 step end ok: mixer: hiding Post inserts removes its divider; the Pre inserts height is kept when it returns elapsedMs=98
2026-10-06T18:53:57.670+02:00 step begin: mixer: add six Post inserts (DAL Mono Delay) to the audio row through the picker's call
2026-10-06T18:53:57.708+02:00 step end ok: mixer: add six Post inserts (DAL Mono Delay) to the audio row through the picker's call elapsedMs=29
2026-10-06T18:53:58.430+02:00 step begin: mixer: the strip lists all six, the band shows fewer, the list scrolls to the last and the last row acts on its own slot
2026-10-06T18:53:58.433+02:00   post inserts: rows=6 visible=1 scrollable=yes list 4 353 142 19 add 4 374 142 16
2026-10-06T18:53:58.436+02:00       mixer window 579 327 1184 900 visible=yes
2026-10-06T18:53:58.438+02:00       mixer content 0 0 1184 900 toolbar h=30 strips viewport 0 30 1028 870 master viewport 1034 30 150 870
2026-10-06T18:53:58.447+02:00       strip height 858 (minimum 727), 7 strips + master; heights routing=141 preGain=34 preInserts=87 postInserts=51 sends=155
2026-10-06T18:53:58.450+02:00       section Routing=shown  section Pre-gain=shown  section Pre inserts=shown  section Post inserts=shown  section Sends=shown  section Faders=shown  section Meters=shown
2026-10-06T18:53:58.452+02:00       dividers: routing|preGain@209 preGain|preInserts@247 preInserts|postInserts@338 postInserts|sends@393 sends|lower@552
2026-10-06T18:53:58.506+02:00   evidence: C:\Users\nicla\AppData\Local\Temp\dal-stability-mixer\mixer-six-inserts-scrolled.png
2026-10-06T18:53:58.514+02:00   host before remove: track 1 kind=audio name="Track 1" muted=YES off=no fader=0.501 preGainDb=3.00 pan=0.00 output=9 monitor=off inserts=[Post:DAL Mono Delay Post:DAL Mono Delay Post:DAL Mono Delay Post:DAL Mono Delay Post:DAL Mono Delay Post:DAL Mono Delay] chainActiveForAudioThread=yes
2026-10-06T18:53:58.520+02:00 step end ok: mixer: the strip lists all six, the band shows fewer, the list scrolls to the last and the last row acts on its own slot elapsedMs=84
2026-10-06T18:53:58.934+02:00 step begin: mixer: after the remove the strip has five rows; dragging the band taller shows them all
2026-10-06T18:53:58.938+02:00   post inserts after remove: rows=5 | track 1 kind=audio name="Track 1" muted=YES off=no fader=0.501 preGainDb=3.00 pan=0.00 output=9 monitor=off inserts=[Post:DAL Mono Delay Post:DAL Mono Delay Post:DAL Mono Delay Post:DAL Mono Delay Post:DAL Mono Delay] chainActiveForAudioThread=yes
2026-10-06T18:53:58.946+02:00   after dragging the band taller: routing=141 preGain=34 preInserts=87 postInserts=111 sends=95 strip=858 visible rows=4
2026-10-06T18:53:58.949+02:00       mixer window 579 327 1184 900 visible=yes
2026-10-06T18:53:58.957+02:00       mixer content 0 0 1184 900 toolbar h=30 strips viewport 0 30 1028 870 master viewport 1034 30 150 870
2026-10-06T18:53:58.960+02:00       strip height 858 (minimum 727), 7 strips + master; heights routing=141 preGain=34 preInserts=87 postInserts=111 sends=95
2026-10-06T18:53:58.963+02:00       section Routing=shown  section Pre-gain=shown  section Pre inserts=shown  section Post inserts=shown  section Sends=shown  section Faders=shown  section Meters=shown
2026-10-06T18:53:58.966+02:00       dividers: routing|preGain@209 preGain|preInserts@247 preInserts|postInserts@338 postInserts|sends@453 sends|lower@552
2026-10-06T18:53:59.017+02:00   evidence: C:\Users\nicla\AppData\Local\Temp\dal-stability-mixer\mixer-six-inserts-tall-band.png
2026-10-06T18:53:59.027+02:00 step end ok: mixer: after the remove the strip has five rows; dragging the band taller shows them all elapsedMs=85
2026-10-06T18:53:59.438+02:00 step begin: mixer: section heights are stored in ui-layout.xml; a 500 px window keeps them and scrolls
2026-10-06T18:53:59.446+02:00   stored heights: preInserts=87 postInserts=111 | live: routing=141 preGain=34 preInserts=87 postInserts=111 sends=95 strip=858
2026-10-06T18:53:59.453+02:00   500 px window: routing=141 preGain=34 preInserts=87 postInserts=111 sends=95 strip=727
2026-10-06T18:53:59.456+02:00       mixer window 579 327 1184 500 visible=yes
2026-10-06T18:53:59.459+02:00       mixer content 0 0 1184 500 toolbar h=30 strips viewport 0 30 1028 470 master viewport 1034 30 150 470
2026-10-06T18:53:59.461+02:00       strip height 727 (minimum 727), 7 strips + master; heights routing=141 preGain=34 preInserts=87 postInserts=111 sends=95
2026-10-06T18:53:59.464+02:00       section Routing=shown  section Pre-gain=shown  section Pre inserts=shown  section Post inserts=shown  section Sends=shown  section Faders=shown  section Meters=shown
2026-10-06T18:53:59.471+02:00       dividers: routing|preGain@209 preGain|preInserts@247 preInserts|postInserts@338 postInserts|sends@453 sends|lower@552
2026-10-06T18:53:59.500+02:00   evidence: C:\Users\nicla\AppData\Local\Temp\dal-stability-mixer\mixer-low-window-500.png
2026-10-06T18:53:59.514+02:00 step end ok: mixer: section heights are stored in ui-layout.xml; a 500 px window keeps them and scrolls elapsedMs=60
2026-10-06T18:54:00.132+02:00 step begin: mixer: default section heights again, hide the window at the end
2026-10-06T18:54:00.154+02:00 step end ok: mixer: default section heights again, hide the window at the end elapsedMs=13
2026-10-06T18:54:00.384+02:00 RESULT: PASS scenario=mixer totalMs=52568
