2026-10-09T17:12:57.911+02:00 stability test mode active (prompts auto-answer deterministically)
2026-10-09T17:13:00.108+02:00 ================================================================
2026-10-09T17:13:00.111+02:00 scenario start: perf-profile iterations=1 projectA=C:\Users\nicla\AppData\Local\Temp\dal-perf-100tracks-ab\TSE_pt2_100tracks.dalproj
2026-10-09T17:13:00.114+02:00 steps queued: 10 (delete-loop iterations expand at plan time)
2026-10-09T17:13:00.619+02:00 step begin: perf-profile: load TSE_pt2_100tracks.dalproj
2026-10-09T17:13:40.183+02:00 step end ok: perf-profile: load TSE_pt2_100tracks.dalproj elapsedMs=39553
2026-10-09T17:13:40.225+02:00   [LiveMidi] input opened: "Babyface Midi Port 1" (\\?\usb#vid_2a39&pid_3fc0#3a17a1b250b3200#{6994ad04-93ef-11d0-a3cc-00a0c9223196}\ffusbmidi1)
2026-10-09T17:13:41.867+02:00 step begin: perf-profile: verify loaded
2026-10-09T17:13:41.870+02:00   track count after load: 101
2026-10-09T17:13:41.876+02:00 step end ok: perf-profile: verify loaded elapsedMs=3
2026-10-09T17:13:42.144+02:00 step begin: perf-profile: settle after load (plug-ins / proxies ready)
2026-10-09T17:13:42.153+02:00 step end ok: perf-profile: settle after load (plug-ins / proxies ready) elapsedMs=0
2026-10-09T17:13:50.169+02:00 step begin: perf-profile: runtime conditions
2026-10-09T17:13:50.172+02:00   exe=C:\Users\nicla\development\MiniDAWLab\build\ninja-release\MiniDAWLab_artefacts\Release\MiniDAWLab.exe version=1.2.1 config=Release | cpu="Intel(R) Core(TM) Ultra 9 275HX" physicalCores=24 logicalCores=24 ram=97599 MB | [JUCE active] ASIO | "ASIO Fireface USB" | 48000 Hz | buf 512 | in: none (lat 535 (~11.15 ms)) | out: Analog 1 (1), Analog 2 (1) (lat 552 (~11.50 ms)) | offeredBufferSizes=512 default=512
2026-10-09T17:13:50.178+02:00 step end ok: perf-profile: runtime conditions elapsedMs=4
2026-10-09T17:13:50.524+02:00 step begin: perf-profile: project load (loaded vs processed)
2026-10-09T17:13:50.527+02:00   exe=C:\Users\nicla\development\MiniDAWLab\build\ninja-release\MiniDAWLab_artefacts\Release\MiniDAWLab.exe version=1.2.1 config=Release | cpu="Intel(R) Core(TM) Ultra 9 275HX" physicalCores=24 logicalCores=24 ram=97599 MB | [JUCE active] ASIO | "ASIO Fireface USB" | 48000 Hz | buf 512 | in: none (lat 535 (~11.15 ms)) | out: Analog 1 (1), Analog 2 (1) (lat 552 (~11.50 ms)) | offeredBufferSizes=512 default=512
2026-10-09T17:13:50.533+02:00   tracks: audio=36 instrument=48 midi=16 group=0 master=1 (muted=0 off=0) | instrument registry entries=48 primaryLoaded=48 primaryEmpty=0 proxySelected=0 secondaryLoaded(notProcessedWhilePlaying)=0 | insert chains=50 instances=50 | proxy states: 3:Primary,5:Primary,80:Primary,16:Primary,72:Primary,8:Primary,82:Primary,18:Primary,74:Primary,10:Primary,76:Primary,12:Primary,78:Primary,14:Primary,84:Primary,20:Primary,86:Primary,22:Primary,88:Primary,24:Primary,90:Primary,26:Primary,92:Primary,28:Primary,94:Primary,30:Primary,96:Primary,32:Primary,98:Primary,34:Primary,36:Primary,38:Primary,40:Primary,42:Primary,44:Primary,46:Primary,48:Primary,50:Primary,52:Primary,54:Primary,56:Primary,58:Primary,60:Primary,62:Primary,64:Primary,66:Primary,68:Primary,70:Primary
2026-10-09T17:13:50.539+02:00 step end ok: perf-profile: project load (loaded vs processed) elapsedMs=9
2026-10-09T17:13:50.882+02:00 step begin: perf-profile: mixer window closed
2026-10-09T17:13:50.886+02:00   mixer visible=no
2026-10-09T17:13:50.891+02:00 step end ok: perf-profile: mixer window closed elapsedMs=3
2026-10-09T17:13:51.241+02:00 step begin: perf-profile: start playback (warm-up 4 s)
2026-10-09T17:13:51.248+02:00   start at 17.33 s (sample 831983) cycle=on profiler=ON generation=as configured | workers=7 (threads incl. callback=8) serialForced=no parallelBlocks=1037 serialBlocks=1 jobsByCallback=7269 jobsByWorkers=42555 joinKernelWaits=111 lastDispatchWallMs=1.015 lastJoinWaitMs=0.030 (cumulative since start)
2026-10-09T17:13:51.253+02:00 step end ok: perf-profile: start playback (warm-up 4 s) elapsedMs=3
2026-10-09T17:13:55.273+02:00 step begin: perf-profile: configured measurement window begins (19 s)
2026-10-09T17:13:55.277+02:00   window start: playhead=1022447 proxyUnderrunsSoFar=0 proxySelected=0 workingSet=9142.68 MB private=9436.51 MB
2026-10-09T17:13:55.283+02:00 step end ok: perf-profile: configured measurement window begins (19 s) elapsedMs=3
2026-10-09T17:14:14.291+02:00 step begin: perf-profile: configured collect
2026-10-09T17:14:14.294+02:00   === window: configured ===
2026-10-09T17:14:14.297+02:00   window end: wall=19.02 s playhead=1935343 (started 1022447)
2026-10-09T17:14:14.301+02:00   engine: blocks=1784 block=512 sr=48000 budgetMs=10.667 ms(min/mean/max)=1.625/5.640/9.344 budget%(mean/max)=52.9/87.6 nearOverruns(>70%)=292 overruns(>=100%)=0
2026-10-09T17:14:14.304+02:00   output: peakHold=0.755 masterPeakL/R=0.641/0.755 oversL/R=0/0 rmsL/R=0.1129/0.1083 nonFinite=0
2026-10-09T17:14:14.307+02:00   proxy: selectedDestinations=0 underrunsInWindow=0 (total 0)
2026-10-09T17:14:14.309+02:00   instruments: hosts with live processBlock blocks=48 hosts with proxy-mixed blocks=0 hosts with neither=0 (cumulative since device start; a host can appear in both after a source switch)
2026-10-09T17:14:14.313+02:00   render pool: workers=7 (threads incl. callback=8) serialForced=no parallelBlocks=3194 serialBlocks=1 jobsByCallback=21654 jobsByWorkers=131706 joinKernelWaits=294 lastDispatchWallMs=1.388 lastJoinWaitMs=0.018 (cumulative since start)
2026-10-09T17:14:14.315+02:00   process: cpu=166.0% of one core (6.9% of 24 cores) systemBusy=13.5% workingSet=9126.9 MB private=9420.35 MB pageFaultsInWindow=111 (soft+hard; 5.83659/s)
2026-10-09T17:14:14.319+02:00   profile: blocks=1785 callback ms(mean/max)=5.638/9.344
2026-10-09T17:14:14.322+02:00   profile: category instrument-plugin: perBlock ms(mean/max)=11.403/20.548 callsPerBlock=48.0 shareOfCallback=202.3%
2026-10-09T17:14:14.325+02:00   profile: category proxy-mix: perBlock ms(mean/max)=0.000/0.000 callsPerBlock=0.0 shareOfCallback=0.0%
2026-10-09T17:14:14.330+02:00   profile: category insert-plugin: perBlock ms(mean/max)=3.916/7.161 callsPerBlock=44.6 shareOfCallback=69.5%
2026-10-09T17:14:14.333+02:00   profile: remainder (DAL work outside plug-in / proxy calls): perBlock ms(mean/max)=0.165/0.425 shareOfCallback=2.9%
2026-10-09T17:14:14.337+02:00   profile: phase instrument-begin-block: perBlock ms(mean/max)=0.011/0.127
2026-10-09T17:14:14.341+02:00   profile: phase live-midi: perBlock ms(mean/max)=0.003/0.011
2026-10-09T17:14:14.345+02:00   profile: phase clip-render(incl. audio inserts): perBlock ms(mean/max)=3.581/6.884
2026-10-09T17:14:14.348+02:00   profile: phase midi-schedule: perBlock ms(mean/max)=0.037/0.078
2026-10-09T17:14:14.351+02:00   profile: phase monitor: perBlock ms(mean/max)=0.000/0.001
2026-10-09T17:14:14.353+02:00   profile: phase instrument-mix(incl. inserts): perBlock ms(mean/max)=1.999/3.770
2026-10-09T17:14:14.355+02:00   profile: phase finalize(buses incl. inserts): perBlock ms(mean/max)=0.002/0.246
2026-10-09T17:14:14.357+02:00   profile: worst block: total=9.344 ms (512 samples): instrument-plugin CPU 20.548 | proxy-mix 0.000 | insert-plugin 5.821 | generation-section wall 3.326 | remainder 0.197
2026-10-09T17:14:14.360+02:00   profile: generation section (dispatch -> join): wall perBlock ms(mean/max)=1.557/3.326 callbackIdleWait ms(mean/max)=0.069/0.756 jobsPerBlock=48.0 parallelBlocks=1785 of 1785 effectiveParallelism(instrumentCPU/sectionWall)=7.32 (parallel blocks only: 7.32)
2026-10-09T17:14:14.362+02:00   profile: NOTE: category instrument-plugin is SUMMED CPU time across render threads; the callback's elapsed time for that work is the generation-section wall.
2026-10-09T17:14:14.365+02:00   profile: callback start intervals: n=1785 ms(mean/max)=10.666/10.828 lateStarts(>1.25x period)=0
2026-10-09T17:14:14.367+02:00   profile: instances with calls=98 of registered 98; top 12 by summed ms:
2026-10-09T17:14:14.370+02:00   profile:   #1 track 24 "VB3-II" plugin "VB3-II" mode=instrument-plugin calls=1785 meanPerCall=343.4 us maxCall=1.212 ms perBlock=0.343 ms share=6.1%
2026-10-09T17:14:14.373+02:00   profile:   #2 track 96 "VB3-II" plugin "VB3-II" mode=instrument-plugin calls=1785 meanPerCall=338.7 us maxCall=1.502 ms perBlock=0.339 ms share=6.0%
2026-10-09T17:14:14.376+02:00   profile:   #3 track 18 "VB3-II" plugin "VB3-II" mode=instrument-plugin calls=1785 meanPerCall=338.3 us maxCall=1.483 ms perBlock=0.338 ms share=6.0%
2026-10-09T17:14:14.379+02:00   profile:   #4 track 36 "VB3-II" plugin "VB3-II" mode=instrument-plugin calls=1785 meanPerCall=336.4 us maxCall=1.278 ms perBlock=0.336 ms share=6.0%
2026-10-09T17:14:14.382+02:00   profile:   #5 track 60 "VB3-II" plugin "VB3-II" mode=instrument-plugin calls=1785 meanPerCall=335.9 us maxCall=1.212 ms perBlock=0.336 ms share=6.0%
2026-10-09T17:14:14.384+02:00   profile:   #6 track 66 "VB3-II" plugin "VB3-II" mode=instrument-plugin calls=1785 meanPerCall=335.5 us maxCall=1.286 ms perBlock=0.336 ms share=6.0%
2026-10-09T17:14:14.386+02:00   profile:   #7 track 42 "VB3-II" plugin "VB3-II" mode=instrument-plugin calls=1785 meanPerCall=334.7 us maxCall=1.157 ms perBlock=0.335 ms share=5.9%
2026-10-09T17:14:14.389+02:00   profile:   #8 track 72 "VB3-II" plugin "VB3-II" mode=instrument-plugin calls=1785 meanPerCall=334.3 us maxCall=1.267 ms perBlock=0.334 ms share=5.9%
2026-10-09T17:14:14.391+02:00   profile:   #9 track 54 "VB3-II" plugin "VB3-II" mode=instrument-plugin calls=1785 meanPerCall=332.2 us maxCall=0.939 ms perBlock=0.332 ms share=5.9%
2026-10-09T17:14:14.393+02:00   profile:   #10 track 90 "VB3-II" plugin "VB3-II" mode=instrument-plugin calls=1785 meanPerCall=331.4 us maxCall=1.168 ms perBlock=0.331 ms share=5.9%
2026-10-09T17:14:14.395+02:00   profile:   #11 track 30 "VB3-II" plugin "VB3-II" mode=instrument-plugin calls=1785 meanPerCall=331.2 us maxCall=1.339 ms perBlock=0.331 ms share=5.9%
2026-10-09T17:14:14.397+02:00   profile:   #12 track 84 "VB3-II" plugin "VB3-II" mode=instrument-plugin calls=1785 meanPerCall=330.9 us maxCall=1.382 ms perBlock=0.331 ms share=5.9%
2026-10-09T17:14:14.400+02:00   profile: top 12 together = 71.4% of callback time
2026-10-09T17:14:14.402+02:00   profile: by plug-in (instances, perBlock ms, share): [VB3-II x16 5.341 ms 94.7%] [Groove Agent SE x16 4.932 ms 87.5%] [AmpliTube 4 [Pre] x18 3.553 ms 63.0%] [HALion Sonic x16 1.129 ms 20.0%] [Pro-Q 3 [Post] x16 0.218 ms 3.9%] [DAL Mono Delay [Post] x16 0.145 ms 2.6%]
2026-10-09T17:14:14.407+02:00 step end ok: perf-profile: configured collect elapsedMs=110
2026-10-09T17:14:14.614+02:00 step begin: perf-profile: stop playback, profiler off
2026-10-09T17:14:14.621+02:00 step end ok: perf-profile: stop playback, profiler off elapsedMs=0
2026-10-09T17:14:15.430+02:00 RESULT: PASS scenario=perf-profile totalMs=75313
2026-10-09T17:14:35.442+02:00 WARNING: clean shutdown did not complete within 20s - forcing process exit (see drain timeout=YES lines in track-delete-diag.log)
2026-10-09T17:15:02.429+02:00 stability test mode active (prompts auto-answer deterministically)
2026-10-09T17:15:04.586+02:00 ================================================================
2026-10-09T17:15:04.589+02:00 scenario start: perf-profile iterations=1 projectA=C:\Users\nicla\AppData\Local\Temp\dal-perf-100tracks-ab\TSE_pt2_100tracks.dalproj
2026-10-09T17:15:04.592+02:00 steps queued: 10 (delete-loop iterations expand at plan time)
2026-10-09T17:15:05.143+02:00 step begin: perf-profile: load TSE_pt2_100tracks.dalproj
2026-10-09T17:15:43.816+02:00 step end ok: perf-profile: load TSE_pt2_100tracks.dalproj elapsedMs=38661
2026-10-09T17:15:43.858+02:00   [LiveMidi] input opened: "Babyface Midi Port 1" (\\?\usb#vid_2a39&pid_3fc0#3a17a1b250b3200#{6994ad04-93ef-11d0-a3cc-00a0c9223196}\ffusbmidi1)
2026-10-09T17:15:45.495+02:00 step begin: perf-profile: verify loaded
2026-10-09T17:15:45.499+02:00   track count after load: 101
2026-10-09T17:15:45.503+02:00 step end ok: perf-profile: verify loaded elapsedMs=3
2026-10-09T17:15:45.772+02:00 step begin: perf-profile: settle after load (plug-ins / proxies ready)
2026-10-09T17:15:45.777+02:00 step end ok: perf-profile: settle after load (plug-ins / proxies ready) elapsedMs=0
2026-10-09T17:15:53.795+02:00 step begin: perf-profile: runtime conditions
2026-10-09T17:15:53.799+02:00   exe=C:\Users\nicla\development\MiniDAWLab-pr6-a2\build\ninja-release\MiniDAWLab_artefacts\Release\MiniDAWLab.exe version=1.2.1 config=Release | cpu="Intel(R) Core(TM) Ultra 9 275HX" physicalCores=24 logicalCores=24 ram=97599 MB | [JUCE active] ASIO | "ASIO Fireface USB" | 48000 Hz | buf 512 | in: none (lat 535 (~11.15 ms)) | out: Analog 1 (1), Analog 2 (1) (lat 552 (~11.50 ms)) | offeredBufferSizes=512 default=512
2026-10-09T17:15:53.805+02:00 step end ok: perf-profile: runtime conditions elapsedMs=3
2026-10-09T17:15:54.155+02:00 step begin: perf-profile: project load (loaded vs processed)
2026-10-09T17:15:54.159+02:00   exe=C:\Users\nicla\development\MiniDAWLab-pr6-a2\build\ninja-release\MiniDAWLab_artefacts\Release\MiniDAWLab.exe version=1.2.1 config=Release | cpu="Intel(R) Core(TM) Ultra 9 275HX" physicalCores=24 logicalCores=24 ram=97599 MB | [JUCE active] ASIO | "ASIO Fireface USB" | 48000 Hz | buf 512 | in: none (lat 535 (~11.15 ms)) | out: Analog 1 (1), Analog 2 (1) (lat 552 (~11.50 ms)) | offeredBufferSizes=512 default=512
2026-10-09T17:15:54.162+02:00   tracks: audio=36 instrument=48 midi=16 group=0 master=1 (muted=0 off=0) | instrument registry entries=48 primaryLoaded=48 primaryEmpty=0 proxySelected=0 secondaryLoaded(notProcessedWhilePlaying)=0 | insert chains=50 instances=50 | proxy states: 3:Primary,5:Primary,80:Primary,16:Primary,72:Primary,8:Primary,82:Primary,18:Primary,74:Primary,10:Primary,76:Primary,12:Primary,78:Primary,14:Primary,84:Primary,20:Primary,86:Primary,22:Primary,88:Primary,24:Primary,90:Primary,26:Primary,92:Primary,28:Primary,94:Primary,30:Primary,96:Primary,32:Primary,98:Primary,34:Primary,36:Primary,38:Primary,40:Primary,42:Primary,44:Primary,46:Primary,48:Primary,50:Primary,52:Primary,54:Primary,56:Primary,58:Primary,60:Primary,62:Primary,64:Primary,66:Primary,68:Primary,70:Primary
2026-10-09T17:15:54.168+02:00 step end ok: perf-profile: project load (loaded vs processed) elapsedMs=6
2026-10-09T17:15:54.511+02:00 step begin: perf-profile: mixer window closed
2026-10-09T17:15:54.516+02:00   mixer visible=no
2026-10-09T17:15:54.522+02:00 step end ok: perf-profile: mixer window closed elapsedMs=4
2026-10-09T17:15:54.873+02:00 step begin: perf-profile: start playback (warm-up 4 s)
2026-10-09T17:15:54.877+02:00   start at 17.33 s (sample 831983) cycle=on profiler=ON generation=as configured | workers=7 (threads incl. callback=8) serialForced=no parallelBlocks=1037 serialBlocks=1 jobsByCallback=7190 jobsByWorkers=42634 joinKernelWaits=123 lastDispatchWallMs=1.008 lastJoinWaitMs=0.000 (cumulative since start)
2026-10-09T17:15:54.883+02:00 step end ok: perf-profile: start playback (warm-up 4 s) elapsedMs=3
2026-10-09T17:15:58.922+02:00 step begin: perf-profile: configured measurement window begins (19 s)
2026-10-09T17:15:58.926+02:00   window start: playhead=1026031 proxyUnderrunsSoFar=0 proxySelected=0 workingSet=9115.17 MB private=9408.96 MB
2026-10-09T17:15:58.931+02:00 step end ok: perf-profile: configured measurement window begins (19 s) elapsedMs=3
2026-10-09T17:16:17.972+02:00 step begin: perf-profile: configured collect
2026-10-09T17:16:17.976+02:00   === window: configured ===
2026-10-09T17:16:17.979+02:00   window end: wall=19.05 s playhead=1940463 (started 1026031)
2026-10-09T17:16:17.981+02:00   engine: blocks=1786 block=512 sr=48000 budgetMs=10.667 ms(min/mean/max)=1.384/2.297/4.770 budget%(mean/max)=21.5/44.7 nearOverruns(>70%)=0 overruns(>=100%)=0
2026-10-09T17:16:17.984+02:00   output: peakHold=0.755 masterPeakL/R=0.645/0.755 oversL/R=0/0 rmsL/R=0.1126/0.1080 nonFinite=0
2026-10-09T17:16:17.987+02:00   proxy: selectedDestinations=0 underrunsInWindow=0 (total 0)
2026-10-09T17:16:17.989+02:00   instruments: hosts with live processBlock blocks=48 hosts with proxy-mixed blocks=0 hosts with neither=0 (cumulative since device start; a host can appear in both after a source switch)
2026-10-09T17:16:17.992+02:00   render pool: workers=7 (threads incl. callback=8) serialForced=no parallelBlocks=3203 serialBlocks=1 jobsByCallback=29676 jobsByWorkers=202092 joinKernelWaits=234 lastDispatchWallMs=1.566 lastJoinWaitMs=0.000 (cumulative since start)
2026-10-09T17:16:17.995+02:00   process: cpu=176.9% of one core (7.4% of 24 cores) systemBusy=15.4% workingSet=9098.23 MB private=9391.48 MB pageFaultsInWindow=169 (soft+hard; 8.87082/s)
2026-10-09T17:16:17.998+02:00   profile: blocks=1788 callback ms(mean/max)=2.296/4.771
2026-10-09T17:16:18.000+02:00   profile: category instrument-plugin: perBlock ms(mean/max)=11.467/23.313 callsPerBlock=48.0 shareOfCallback=499.4%
2026-10-09T17:16:18.003+02:00   profile: category proxy-mix: perBlock ms(mean/max)=0.000/0.000 callsPerBlock=0.0 shareOfCallback=0.0%
2026-10-09T17:16:18.008+02:00   profile: category insert-plugin: perBlock ms(mean/max)=4.543/13.603 callsPerBlock=44.5 shareOfCallback=197.9%
2026-10-09T17:16:18.011+02:00   profile: remainder (DAL work outside plug-in / proxy calls): perBlock ms(mean/max)=0.156/0.364 shareOfCallback=6.8%
2026-10-09T17:16:18.014+02:00   profile: phase instrument-begin-block: perBlock ms(mean/max)=0.013/0.059
2026-10-09T17:16:18.017+02:00   profile: phase live-midi: perBlock ms(mean/max)=0.003/0.016
2026-10-09T17:16:18.021+02:00   profile: phase clip-render(incl. audio inserts): perBlock ms(mean/max)=2.195/4.582
2026-10-09T17:16:18.023+02:00   profile: phase midi-schedule: perBlock ms(mean/max)=0.037/0.118
2026-10-09T17:16:18.029+02:00   profile: phase monitor: perBlock ms(mean/max)=0.000/0.004
2026-10-09T17:16:18.032+02:00   profile: phase instrument-mix(incl. inserts): perBlock ms(mean/max)=0.038/0.082
2026-10-09T17:16:18.035+02:00   profile: phase finalize(buses incl. inserts): perBlock ms(mean/max)=0.002/0.016
2026-10-09T17:16:18.038+02:00   profile: worst block: total=4.771 ms (512 samples): instrument-plugin CPU 19.109 | proxy-mix 0.000 | insert-plugin 13.603 | generation-section wall 4.533 | remainder 0.237
2026-10-09T17:16:18.041+02:00   profile: generation section (dispatch -> join): wall perBlock ms(mean/max)=2.140/4.533 callbackIdleWait ms(mean/max)=0.052/0.605 jobsPerBlock=84.0 parallelBlocks=1788 of 1788 effectiveParallelism(instrumentCPU/sectionWall)=5.36 (parallel blocks only: 5.36)
2026-10-09T17:16:18.043+02:00   profile: NOTE: category instrument-plugin is SUMMED CPU time across render threads; the callback's elapsed time for that work is the generation-section wall.
2026-10-09T17:16:18.046+02:00   profile: callback start intervals: n=1788 ms(mean/max)=10.666/10.813 lateStarts(>1.25x period)=0
2026-10-09T17:16:18.048+02:00   profile: instances with calls=98 of registered 98; top 12 by summed ms:
2026-10-09T17:16:18.050+02:00   profile:   #1 track 18 "VB3-II" plugin "VB3-II" mode=instrument-plugin calls=1788 meanPerCall=347.9 us maxCall=1.467 ms perBlock=0.348 ms share=15.1%
2026-10-09T17:16:18.053+02:00   profile:   #2 track 96 "VB3-II" plugin "VB3-II" mode=instrument-plugin calls=1788 meanPerCall=347.8 us maxCall=1.907 ms perBlock=0.348 ms share=15.1%
2026-10-09T17:16:18.055+02:00   profile:   #3 track 30 "VB3-II" plugin "VB3-II" mode=instrument-plugin calls=1788 meanPerCall=347.1 us maxCall=1.356 ms perBlock=0.347 ms share=15.1%
2026-10-09T17:16:18.057+02:00   profile:   #4 track 36 "VB3-II" plugin "VB3-II" mode=instrument-plugin calls=1788 meanPerCall=346.7 us maxCall=1.258 ms perBlock=0.347 ms share=15.1%
2026-10-09T17:16:18.060+02:00   profile:   #5 track 60 "VB3-II" plugin "VB3-II" mode=instrument-plugin calls=1788 meanPerCall=342.4 us maxCall=1.534 ms perBlock=0.342 ms share=14.9%
2026-10-09T17:16:18.062+02:00   profile:   #6 track 78 "VB3-II" plugin "VB3-II" mode=instrument-plugin calls=1788 meanPerCall=342.0 us maxCall=1.426 ms perBlock=0.342 ms share=14.9%
2026-10-09T17:16:18.064+02:00   profile:   #7 track 48 "VB3-II" plugin "VB3-II" mode=instrument-plugin calls=1788 meanPerCall=340.9 us maxCall=1.889 ms perBlock=0.341 ms share=14.8%
2026-10-09T17:16:18.066+02:00   profile:   #8 track 54 "VB3-II" plugin "VB3-II" mode=instrument-plugin calls=1788 meanPerCall=340.3 us maxCall=1.906 ms perBlock=0.340 ms share=14.8%
2026-10-09T17:16:18.069+02:00   profile:   #9 track 84 "VB3-II" plugin "VB3-II" mode=instrument-plugin calls=1788 meanPerCall=339.9 us maxCall=1.321 ms perBlock=0.340 ms share=14.8%
2026-10-09T17:16:18.072+02:00   profile:   #10 track 66 "VB3-II" plugin "VB3-II" mode=instrument-plugin calls=1788 meanPerCall=339.3 us maxCall=0.996 ms perBlock=0.339 ms share=14.8%
2026-10-09T17:16:18.075+02:00   profile:   #11 track 5 "VB3-II" plugin "VB3-II" mode=instrument-plugin calls=1788 meanPerCall=337.7 us maxCall=1.251 ms perBlock=0.338 ms share=14.7%
2026-10-09T17:16:18.079+02:00   profile:   #12 track 72 "VB3-II" plugin "VB3-II" mode=instrument-plugin calls=1788 meanPerCall=336.7 us maxCall=1.085 ms perBlock=0.337 ms share=14.7%
2026-10-09T17:16:18.083+02:00   profile: top 12 together = 178.9% of callback time
2026-10-09T17:16:18.087+02:00   profile: by plug-in (instances, perBlock ms, share): [VB3-II x16 5.450 ms 237.4%] [Groove Agent SE x16 4.872 ms 212.2%] [AmpliTube 4 [Pre] x18 4.098 ms 178.5%] [HALion Sonic x16 1.145 ms 49.9%] [Pro-Q 3 [Post] x16 0.266 ms 11.6%] [DAL Mono Delay [Post] x16 0.179 ms 7.8%]
2026-10-09T17:16:18.094+02:00 step end ok: perf-profile: configured collect elapsedMs=116
2026-10-09T17:16:18.304+02:00 step begin: perf-profile: stop playback, profiler off
2026-10-09T17:16:18.310+02:00 step end ok: perf-profile: stop playback, profiler off elapsedMs=0
2026-10-09T17:16:19.137+02:00 RESULT: PASS scenario=perf-profile totalMs=74544
2026-10-09T17:16:39.222+02:00 WARNING: clean shutdown did not complete within 20s - forcing process exit (see drain timeout=YES lines in track-delete-diag.log)
2026-10-09T17:17:43.597+02:00 stability test mode active (prompts auto-answer deterministically)
2026-10-09T17:17:45.776+02:00 ================================================================
2026-10-09T17:17:45.779+02:00 scenario start: perf-profile iterations=1 projectA=C:\Users\nicla\AppData\Local\Temp\dal-perf-100tracks-ab\TSE_pt2_100tracks.dalproj
2026-10-09T17:17:45.782+02:00 steps queued: 10 (delete-loop iterations expand at plan time)
2026-10-09T17:17:46.292+02:00 step begin: perf-profile: load TSE_pt2_100tracks.dalproj
2026-10-09T17:18:25.038+02:00 step end ok: perf-profile: load TSE_pt2_100tracks.dalproj elapsedMs=38737
2026-10-09T17:18:25.082+02:00   [LiveMidi] input opened: "Babyface Midi Port 1" (\\?\usb#vid_2a39&pid_3fc0#3a17a1b250b3200#{6994ad04-93ef-11d0-a3cc-00a0c9223196}\ffusbmidi1)
2026-10-09T17:18:26.569+02:00 step begin: perf-profile: verify loaded
2026-10-09T17:18:26.573+02:00   track count after load: 101
2026-10-09T17:18:26.578+02:00 step end ok: perf-profile: verify loaded elapsedMs=3
2026-10-09T17:18:26.875+02:00 step begin: perf-profile: settle after load (plug-ins / proxies ready)
2026-10-09T17:18:26.880+02:00 step end ok: perf-profile: settle after load (plug-ins / proxies ready) elapsedMs=0
2026-10-09T17:18:34.906+02:00 step begin: perf-profile: runtime conditions
2026-10-09T17:18:34.910+02:00   exe=C:\Users\nicla\development\MiniDAWLab-pr6-a2\build\ninja-release\MiniDAWLab_artefacts\Release\MiniDAWLab.exe version=1.2.1 config=Release | cpu="Intel(R) Core(TM) Ultra 9 275HX" physicalCores=24 logicalCores=24 ram=97599 MB | [JUCE active] ASIO | "ASIO Fireface USB" | 48000 Hz | buf 512 | in: none (lat 535 (~11.15 ms)) | out: Analog 1 (1), Analog 2 (1) (lat 552 (~11.50 ms)) | offeredBufferSizes=512 default=512
2026-10-09T17:18:34.918+02:00 step end ok: perf-profile: runtime conditions elapsedMs=3
2026-10-09T17:18:35.261+02:00 step begin: perf-profile: project load (loaded vs processed)
2026-10-09T17:18:35.265+02:00   exe=C:\Users\nicla\development\MiniDAWLab-pr6-a2\build\ninja-release\MiniDAWLab_artefacts\Release\MiniDAWLab.exe version=1.2.1 config=Release | cpu="Intel(R) Core(TM) Ultra 9 275HX" physicalCores=24 logicalCores=24 ram=97599 MB | [JUCE active] ASIO | "ASIO Fireface USB" | 48000 Hz | buf 512 | in: none (lat 535 (~11.15 ms)) | out: Analog 1 (1), Analog 2 (1) (lat 552 (~11.50 ms)) | offeredBufferSizes=512 default=512
2026-10-09T17:18:35.269+02:00   tracks: audio=36 instrument=48 midi=16 group=0 master=1 (muted=0 off=0) | instrument registry entries=48 primaryLoaded=48 primaryEmpty=0 proxySelected=0 secondaryLoaded(notProcessedWhilePlaying)=0 | insert chains=50 instances=50 | proxy states: 3:Primary,5:Primary,80:Primary,16:Primary,72:Primary,8:Primary,82:Primary,18:Primary,74:Primary,10:Primary,76:Primary,12:Primary,78:Primary,14:Primary,84:Primary,20:Primary,86:Primary,22:Primary,88:Primary,24:Primary,90:Primary,26:Primary,92:Primary,28:Primary,94:Primary,30:Primary,96:Primary,32:Primary,98:Primary,34:Primary,36:Primary,38:Primary,40:Primary,42:Primary,44:Primary,46:Primary,48:Primary,50:Primary,52:Primary,54:Primary,56:Primary,58:Primary,60:Primary,62:Primary,64:Primary,66:Primary,68:Primary,70:Primary
2026-10-09T17:18:35.275+02:00 step end ok: perf-profile: project load (loaded vs processed) elapsedMs=7
2026-10-09T17:18:35.618+02:00 step begin: perf-profile: mixer window closed
2026-10-09T17:18:35.622+02:00   mixer visible=no
2026-10-09T17:18:35.627+02:00 step end ok: perf-profile: mixer window closed elapsedMs=4
2026-10-09T17:18:35.973+02:00 step begin: perf-profile: start playback (warm-up 2 s)
2026-10-09T17:18:35.977+02:00   start at 35.00 s (sample 1680000) cycle=on profiler=ON generation=as configured | workers=7 (threads incl. callback=8) serialForced=no parallelBlocks=1025 serialBlocks=1 jobsByCallback=6873 jobsByWorkers=42375 joinKernelWaits=79 lastDispatchWallMs=0.963 lastJoinWaitMs=0.025 (cumulative since start)
2026-10-09T17:18:35.983+02:00 step end ok: perf-profile: start playback (warm-up 2 s) elapsedMs=3
2026-10-09T17:18:38.023+02:00 step begin: perf-profile: configured measurement window begins (15 s)
2026-10-09T17:18:38.026+02:00   window start: playhead=1778304 proxyUnderrunsSoFar=0 proxySelected=0 workingSet=9022.88 MB private=9312.82 MB
2026-10-09T17:18:38.031+02:00 step end ok: perf-profile: configured measurement window begins (15 s) elapsedMs=3
2026-10-09T17:18:53.045+02:00 step begin: perf-profile: configured collect
2026-10-09T17:18:53.048+02:00   === window: configured ===
2026-10-09T17:18:53.053+02:00   window end: wall=15.02 s playhead=531712 (started 1778304)
2026-10-09T17:18:53.056+02:00   engine: blocks=1409 block=512 sr=48000 budgetMs=10.667 ms(min/mean/max)=1.232/2.166/13.065 budget%(mean/max)=20.3/122.5 nearOverruns(>70%)=1 overruns(>=100%)=1
2026-10-09T17:18:53.058+02:00   output: peakHold=0.626 masterPeakL/R=0.529/0.626 oversL/R=0/0 rmsL/R=0.0800/0.0743 nonFinite=0
2026-10-09T17:18:53.061+02:00   proxy: selectedDestinations=0 underrunsInWindow=0 (total 0)
2026-10-09T17:18:53.065+02:00   instruments: hosts with live processBlock blocks=48 hosts with proxy-mixed blocks=0 hosts with neither=0 (cumulative since device start; a host can appear in both after a source switch)
2026-10-09T17:18:53.068+02:00   render pool: workers=7 (threads incl. callback=8) serialForced=no parallelBlocks=2627 serialBlocks=1 jobsByCallback=24061 jobsByWorkers=159755 joinKernelWaits=141 lastDispatchWallMs=2.406 lastJoinWaitMs=0.000 (cumulative since start)
2026-10-09T17:18:53.070+02:00   process: cpu=157.3% of one core (6.6% of 24 cores) systemBusy=14.4% workingSet=9007.71 MB private=9296.63 MB pageFaultsInWindow=285 (soft+hard; 18.9687/s)
2026-10-09T17:18:53.077+02:00   profile: blocks=1411 callback ms(mean/max)=2.167/13.066
2026-10-09T17:18:53.079+02:00   profile: category instrument-plugin: perBlock ms(mean/max)=10.054/23.700 callsPerBlock=48.0 shareOfCallback=464.0%
2026-10-09T17:18:53.082+02:00   profile: category proxy-mix: perBlock ms(mean/max)=0.000/0.000 callsPerBlock=0.0 shareOfCallback=0.0%
2026-10-09T17:18:53.086+02:00   profile: category insert-plugin: perBlock ms(mean/max)=4.937/82.770 callsPerBlock=45.3 shareOfCallback=227.9%
2026-10-09T17:18:53.088+02:00   profile: remainder (DAL work outside plug-in / proxy calls): perBlock ms(mean/max)=0.156/0.340 shareOfCallback=7.2%
2026-10-09T17:18:53.091+02:00   profile: phase instrument-begin-block: perBlock ms(mean/max)=0.013/0.061
2026-10-09T17:18:53.094+02:00   profile: phase live-midi: perBlock ms(mean/max)=0.003/0.019
2026-10-09T17:18:53.097+02:00   profile: phase clip-render(incl. audio inserts): perBlock ms(mean/max)=2.064/12.965
2026-10-09T17:18:53.099+02:00   profile: phase midi-schedule: perBlock ms(mean/max)=0.038/0.115
2026-10-09T17:18:53.104+02:00   profile: phase monitor: perBlock ms(mean/max)=0.000/0.029
2026-10-09T17:18:53.107+02:00   profile: phase instrument-mix(incl. inserts): perBlock ms(mean/max)=0.037/0.088
2026-10-09T17:18:53.110+02:00   profile: phase finalize(buses incl. inserts): perBlock ms(mean/max)=0.002/0.019
2026-10-09T17:18:53.112+02:00   profile: worst block: total=13.066 ms (512 samples): instrument-plugin CPU 9.498 | proxy-mix 0.000 | insert-plugin 82.770 | generation-section wall 12.936 | remainder 0.129
2026-10-09T17:18:53.115+02:00   profile: generation section (dispatch -> join): wall perBlock ms(mean/max)=2.010/12.936 callbackIdleWait ms(mean/max)=0.047/2.487 jobsPerBlock=84.0 parallelBlocks=1411 of 1411 effectiveParallelism(instrumentCPU/sectionWall)=5.00 (parallel blocks only: 5.00)
2026-10-09T17:18:53.118+02:00   profile: NOTE: category instrument-plugin is SUMMED CPU time across render threads; the callback's elapsed time for that work is the generation-section wall.
2026-10-09T17:18:53.120+02:00   profile: callback start intervals: n=1411 ms(mean/max)=10.666/13.081 lateStarts(>1.25x period)=0
2026-10-09T17:18:53.122+02:00   profile: instances with calls=98 of registered 98; top 12 by summed ms:
2026-10-09T17:18:53.126+02:00   profile:   #1 track 72 "VB3-II" plugin "VB3-II" mode=instrument-plugin calls=1411 meanPerCall=336.3 us maxCall=2.400 ms perBlock=0.336 ms share=15.5%
2026-10-09T17:18:53.128+02:00   profile:   #2 track 24 "VB3-II" plugin "VB3-II" mode=instrument-plugin calls=1411 meanPerCall=330.6 us maxCall=1.495 ms perBlock=0.331 ms share=15.3%
2026-10-09T17:18:53.133+02:00   profile:   #3 track 96 "VB3-II" plugin "VB3-II" mode=instrument-plugin calls=1411 meanPerCall=330.4 us maxCall=1.830 ms perBlock=0.330 ms share=15.2%
2026-10-09T17:18:53.137+02:00   profile:   #4 track 78 "VB3-II" plugin "VB3-II" mode=instrument-plugin calls=1411 meanPerCall=329.4 us maxCall=1.810 ms perBlock=0.329 ms share=15.2%
2026-10-09T17:18:53.140+02:00   profile:   #5 track 90 "VB3-II" plugin "VB3-II" mode=instrument-plugin calls=1411 meanPerCall=329.0 us maxCall=1.371 ms perBlock=0.329 ms share=15.2%
2026-10-09T17:18:53.142+02:00   profile:   #6 track 42 "VB3-II" plugin "VB3-II" mode=instrument-plugin calls=1411 meanPerCall=328.6 us maxCall=1.243 ms perBlock=0.329 ms share=15.2%
2026-10-09T17:18:53.145+02:00   profile:   #7 track 84 "VB3-II" plugin "VB3-II" mode=instrument-plugin calls=1411 meanPerCall=327.7 us maxCall=1.408 ms perBlock=0.328 ms share=15.1%
2026-10-09T17:18:53.147+02:00   profile:   #8 track 66 "VB3-II" plugin "VB3-II" mode=instrument-plugin calls=1411 meanPerCall=327.3 us maxCall=1.546 ms perBlock=0.327 ms share=15.1%
2026-10-09T17:18:53.150+02:00   profile:   #9 track 48 "VB3-II" plugin "VB3-II" mode=instrument-plugin calls=1411 meanPerCall=326.7 us maxCall=1.372 ms perBlock=0.327 ms share=15.1%
2026-10-09T17:18:53.152+02:00   profile:   #10 track 30 "VB3-II" plugin "VB3-II" mode=instrument-plugin calls=1411 meanPerCall=325.9 us maxCall=1.532 ms perBlock=0.326 ms share=15.0%
2026-10-09T17:18:53.154+02:00   profile:   #11 track 60 "VB3-II" plugin "VB3-II" mode=instrument-plugin calls=1411 meanPerCall=325.5 us maxCall=1.613 ms perBlock=0.326 ms share=15.0%
2026-10-09T17:18:53.157+02:00   profile:   #12 track 12 "VB3-II" plugin "VB3-II" mode=instrument-plugin calls=1411 meanPerCall=325.5 us maxCall=1.610 ms perBlock=0.325 ms share=15.0%
2026-10-09T17:18:53.160+02:00   profile: top 12 together = 182.0% of callback time
2026-10-09T17:18:53.162+02:00   profile: by plug-in (instances, perBlock ms, share): [VB3-II x16 5.232 ms 241.5%] [AmpliTube 4 [Pre] x18 4.480 ms 206.7%] [Groove Agent SE x16 3.711 ms 171.3%] [HALion Sonic x16 1.110 ms 51.2%] [Pro-Q 3 [Post] x16 0.271 ms 12.5%] [DAL Mono Delay [Post] x16 0.186 ms 8.6%]
2026-10-09T17:18:53.167+02:00 step end ok: perf-profile: configured collect elapsedMs=116
2026-10-09T17:18:53.374+02:00 step begin: perf-profile: stop playback, profiler off
2026-10-09T17:18:53.381+02:00 step end ok: perf-profile: stop playback, profiler off elapsedMs=0
2026-10-09T17:18:54.194+02:00 RESULT: PASS scenario=perf-profile totalMs=68412
2026-10-09T17:19:14.204+02:00 WARNING: clean shutdown did not complete within 20s - forcing process exit (see drain timeout=YES lines in track-delete-diag.log)
2026-10-09T17:19:45.264+02:00 stability test mode active (prompts auto-answer deterministically)
2026-10-09T17:19:47.446+02:00 ================================================================
2026-10-09T17:19:47.450+02:00 scenario start: perf-profile iterations=1 projectA=C:\Users\nicla\AppData\Local\Temp\dal-perf-100tracks-ab\TSE_pt2_100tracks.dalproj
2026-10-09T17:19:47.453+02:00 steps queued: 10 (delete-loop iterations expand at plan time)
2026-10-09T17:19:47.962+02:00 step begin: perf-profile: load TSE_pt2_100tracks.dalproj
2026-10-09T17:20:27.519+02:00 step end ok: perf-profile: load TSE_pt2_100tracks.dalproj elapsedMs=39547
2026-10-09T17:20:27.564+02:00   [LiveMidi] input opened: "Babyface Midi Port 1" (\\?\usb#vid_2a39&pid_3fc0#3a17a1b250b3200#{6994ad04-93ef-11d0-a3cc-00a0c9223196}\ffusbmidi1)
2026-10-09T17:20:29.223+02:00 step begin: perf-profile: verify loaded
2026-10-09T17:20:29.227+02:00   track count after load: 101
2026-10-09T17:20:29.232+02:00 step end ok: perf-profile: verify loaded elapsedMs=4
2026-10-09T17:20:29.504+02:00 step begin: perf-profile: settle after load (plug-ins / proxies ready)
2026-10-09T17:20:29.510+02:00 step end ok: perf-profile: settle after load (plug-ins / proxies ready) elapsedMs=0
2026-10-09T17:20:37.533+02:00 step begin: perf-profile: runtime conditions
2026-10-09T17:20:37.538+02:00   exe=C:\Users\nicla\development\MiniDAWLab\build\ninja-release\MiniDAWLab_artefacts\Release\MiniDAWLab.exe version=1.2.1 config=Release | cpu="Intel(R) Core(TM) Ultra 9 275HX" physicalCores=24 logicalCores=24 ram=97599 MB | [JUCE active] ASIO | "ASIO Fireface USB" | 48000 Hz | buf 512 | in: none (lat 535 (~11.15 ms)) | out: Analog 1 (1), Analog 2 (1) (lat 552 (~11.50 ms)) | offeredBufferSizes=512 default=512
2026-10-09T17:20:37.544+02:00 step end ok: perf-profile: runtime conditions elapsedMs=4
2026-10-09T17:20:37.890+02:00 step begin: perf-profile: project load (loaded vs processed)
2026-10-09T17:20:37.894+02:00   exe=C:\Users\nicla\development\MiniDAWLab\build\ninja-release\MiniDAWLab_artefacts\Release\MiniDAWLab.exe version=1.2.1 config=Release | cpu="Intel(R) Core(TM) Ultra 9 275HX" physicalCores=24 logicalCores=24 ram=97599 MB | [JUCE active] ASIO | "ASIO Fireface USB" | 48000 Hz | buf 512 | in: none (lat 535 (~11.15 ms)) | out: Analog 1 (1), Analog 2 (1) (lat 552 (~11.50 ms)) | offeredBufferSizes=512 default=512
2026-10-09T17:20:37.897+02:00   tracks: audio=36 instrument=48 midi=16 group=0 master=1 (muted=0 off=0) | instrument registry entries=48 primaryLoaded=48 primaryEmpty=0 proxySelected=0 secondaryLoaded(notProcessedWhilePlaying)=0 | insert chains=50 instances=50 | proxy states: 3:Primary,5:Primary,80:Primary,16:Primary,72:Primary,8:Primary,82:Primary,18:Primary,74:Primary,10:Primary,76:Primary,12:Primary,78:Primary,14:Primary,84:Primary,20:Primary,86:Primary,22:Primary,88:Primary,24:Primary,90:Primary,26:Primary,92:Primary,28:Primary,94:Primary,30:Primary,96:Primary,32:Primary,98:Primary,34:Primary,36:Primary,38:Primary,40:Primary,42:Primary,44:Primary,46:Primary,48:Primary,50:Primary,52:Primary,54:Primary,56:Primary,58:Primary,60:Primary,62:Primary,64:Primary,66:Primary,68:Primary,70:Primary
2026-10-09T17:20:37.902+02:00 step end ok: perf-profile: project load (loaded vs processed) elapsedMs=6
2026-10-09T17:20:38.247+02:00 step begin: perf-profile: mixer window closed
2026-10-09T17:20:38.250+02:00   mixer visible=no
2026-10-09T17:20:38.256+02:00 step end ok: perf-profile: mixer window closed elapsedMs=3
2026-10-09T17:20:38.605+02:00 step begin: perf-profile: start playback (warm-up 2 s)
2026-10-09T17:20:38.610+02:00   start at 35.00 s (sample 1680000) cycle=on profiler=ON generation=as configured | workers=7 (threads incl. callback=8) serialForced=no parallelBlocks=1039 serialBlocks=1 jobsByCallback=5885 jobsByWorkers=44035 joinKernelWaits=68 lastDispatchWallMs=1.027 lastJoinWaitMs=0.004 (cumulative since start)
2026-10-09T17:20:38.615+02:00 step end ok: perf-profile: start playback (warm-up 2 s) elapsedMs=3
2026-10-09T17:20:40.662+02:00 step begin: perf-profile: configured measurement window begins (15 s)
2026-10-09T17:20:40.665+02:00   window start: playhead=1778304 proxyUnderrunsSoFar=0 proxySelected=0 workingSet=9065.07 MB private=9359.14 MB
2026-10-09T17:20:40.671+02:00 step end ok: perf-profile: configured measurement window begins (15 s) elapsedMs=3
2026-10-09T17:20:55.693+02:00 step begin: perf-profile: configured collect
2026-10-09T17:20:55.697+02:00   === window: configured ===
2026-10-09T17:20:55.701+02:00   window end: wall=15.03 s playhead=529664 (started 1778304)
2026-10-09T17:20:55.704+02:00   engine: blocks=1405 block=512 sr=48000 budgetMs=10.667 ms(min/mean/max)=1.563/5.945/38.541 budget%(mean/max)=55.7/361.3 nearOverruns(>70%)=363 overruns(>=100%)=3
2026-10-09T17:20:55.706+02:00   output: peakHold=0.580 masterPeakL/R=0.529/0.580 oversL/R=0/0 rmsL/R=0.0800/0.0744 nonFinite=0
2026-10-09T17:20:55.709+02:00   proxy: selectedDestinations=0 underrunsInWindow=0 (total 0)
2026-10-09T17:20:55.712+02:00   instruments: hosts with live processBlock blocks=48 hosts with proxy-mixed blocks=0 hosts with neither=0 (cumulative since device start; a host can appear in both after a source switch)
2026-10-09T17:20:55.714+02:00   render pool: workers=7 (threads incl. callback=8) serialForced=no parallelBlocks=2638 serialBlocks=1 jobsByCallback=15890 jobsByWorkers=110782 joinKernelWaits=127 lastDispatchWallMs=1.694 lastJoinWaitMs=0.097 (cumulative since start)
2026-10-09T17:20:55.717+02:00   process: cpu=154.9% of one core (6.5% of 24 cores) systemBusy=17.5% workingSet=9049.99 MB private=9342.86 MB pageFaultsInWindow=334 (soft+hard; 22.2165/s)
2026-10-09T17:20:55.720+02:00   profile: blocks=1407 callback ms(mean/max)=5.947/38.541
2026-10-09T17:20:55.722+02:00   profile: category instrument-plugin: perBlock ms(mean/max)=10.252/16.803 callsPerBlock=48.0 shareOfCallback=172.4%
2026-10-09T17:20:55.727+02:00   profile: category proxy-mix: perBlock ms(mean/max)=0.000/0.000 callsPerBlock=0.0 shareOfCallback=0.0%
2026-10-09T17:20:55.729+02:00   profile: category insert-plugin: perBlock ms(mean/max)=4.374/37.004 callsPerBlock=45.3 shareOfCallback=73.5%
2026-10-09T17:20:55.732+02:00   profile: remainder (DAL work outside plug-in / proxy calls): perBlock ms(mean/max)=0.171/0.385 shareOfCallback=2.9%
2026-10-09T17:20:55.734+02:00   profile: phase instrument-begin-block: perBlock ms(mean/max)=0.012/0.054
2026-10-09T17:20:55.736+02:00   profile: phase live-midi: perBlock ms(mean/max)=0.003/0.033
2026-10-09T17:20:55.739+02:00   profile: phase clip-render(incl. audio inserts): perBlock ms(mean/max)=4.028/36.660
2026-10-09T17:20:55.742+02:00   profile: phase midi-schedule: perBlock ms(mean/max)=0.038/0.146
2026-10-09T17:20:55.744+02:00   profile: phase monitor: perBlock ms(mean/max)=0.000/0.002
2026-10-09T17:20:55.747+02:00   profile: phase instrument-mix(incl. inserts): perBlock ms(mean/max)=1.857/3.260
2026-10-09T17:20:55.749+02:00   profile: phase finalize(buses incl. inserts): perBlock ms(mean/max)=0.001/0.024
2026-10-09T17:20:55.751+02:00   profile: worst block: total=38.541 ms (512 samples): instrument-plugin CPU 9.803 | proxy-mix 0.000 | insert-plugin 37.004 | generation-section wall 1.322 | remainder 0.214
2026-10-09T17:20:55.754+02:00   profile: generation section (dispatch -> join): wall perBlock ms(mean/max)=1.403/2.424 callbackIdleWait ms(mean/max)=0.049/0.414 jobsPerBlock=48.0 parallelBlocks=1407 of 1407 effectiveParallelism(instrumentCPU/sectionWall)=7.31 (parallel blocks only: 7.31)
2026-10-09T17:20:55.756+02:00   profile: NOTE: category instrument-plugin is SUMMED CPU time across render threads; the callback's elapsed time for that work is the generation-section wall.
2026-10-09T17:20:55.758+02:00   profile: callback start intervals: n=1407 ms(mean/max)=10.697/38.559 lateStarts(>1.25x period)=2
2026-10-09T17:20:55.761+02:00   profile: instances with calls=98 of registered 98; top 12 by summed ms:
2026-10-09T17:20:55.764+02:00   profile:   #1 track 5 "VB3-II" plugin "VB3-II" mode=instrument-plugin calls=1407 meanPerCall=343.8 us maxCall=1.460 ms perBlock=0.344 ms share=5.8%
2026-10-09T17:20:55.766+02:00   profile:   #2 track 72 "VB3-II" plugin "VB3-II" mode=instrument-plugin calls=1407 meanPerCall=342.8 us maxCall=1.321 ms perBlock=0.343 ms share=5.8%
2026-10-09T17:20:55.769+02:00   profile:   #3 track 18 "VB3-II" plugin "VB3-II" mode=instrument-plugin calls=1407 meanPerCall=342.8 us maxCall=1.392 ms perBlock=0.343 ms share=5.8%
2026-10-09T17:20:55.771+02:00   profile:   #4 track 48 "VB3-II" plugin "VB3-II" mode=instrument-plugin calls=1407 meanPerCall=342.5 us maxCall=1.375 ms perBlock=0.342 ms share=5.8%
2026-10-09T17:20:55.774+02:00   profile:   #5 track 30 "VB3-II" plugin "VB3-II" mode=instrument-plugin calls=1407 meanPerCall=342.2 us maxCall=1.660 ms perBlock=0.342 ms share=5.8%
2026-10-09T17:20:55.776+02:00   profile:   #6 track 84 "VB3-II" plugin "VB3-II" mode=instrument-plugin calls=1407 meanPerCall=341.2 us maxCall=1.388 ms perBlock=0.341 ms share=5.7%
2026-10-09T17:20:55.778+02:00   profile:   #7 track 96 "VB3-II" plugin "VB3-II" mode=instrument-plugin calls=1407 meanPerCall=340.2 us maxCall=1.747 ms perBlock=0.340 ms share=5.7%
2026-10-09T17:20:55.781+02:00   profile:   #8 track 90 "VB3-II" plugin "VB3-II" mode=instrument-plugin calls=1407 meanPerCall=339.8 us maxCall=1.117 ms perBlock=0.340 ms share=5.7%
2026-10-09T17:20:55.783+02:00   profile:   #9 track 12 "VB3-II" plugin "VB3-II" mode=instrument-plugin calls=1407 meanPerCall=337.9 us maxCall=1.416 ms perBlock=0.338 ms share=5.7%
2026-10-09T17:20:55.786+02:00   profile:   #10 track 78 "VB3-II" plugin "VB3-II" mode=instrument-plugin calls=1407 meanPerCall=335.6 us maxCall=1.343 ms perBlock=0.336 ms share=5.6%
2026-10-09T17:20:55.788+02:00   profile:   #11 track 36 "VB3-II" plugin "VB3-II" mode=instrument-plugin calls=1407 meanPerCall=335.6 us maxCall=1.484 ms perBlock=0.336 ms share=5.6%
2026-10-09T17:20:55.791+02:00   profile:   #12 track 60 "VB3-II" plugin "VB3-II" mode=instrument-plugin calls=1407 meanPerCall=334.0 us maxCall=1.650 ms perBlock=0.334 ms share=5.6%
2026-10-09T17:20:55.793+02:00   profile: top 12 together = 68.6% of callback time
2026-10-09T17:20:55.795+02:00   profile: by plug-in (instances, perBlock ms, share): [VB3-II x16 5.407 ms 90.9%] [AmpliTube 4 [Pre] x18 3.995 ms 67.2%] [Groove Agent SE x16 3.744 ms 63.0%] [HALion Sonic x16 1.101 ms 18.5%] [Pro-Q 3 [Post] x16 0.228 ms 3.8%] [DAL Mono Delay [Post] x16 0.151 ms 2.5%]
2026-10-09T17:20:55.799+02:00 step end ok: perf-profile: configured collect elapsedMs=100
2026-10-09T17:20:56.004+02:00 step begin: perf-profile: stop playback, profiler off
2026-10-09T17:20:56.010+02:00 step end ok: perf-profile: stop playback, profiler off elapsedMs=0
2026-10-09T17:20:56.817+02:00 RESULT: PASS scenario=perf-profile totalMs=69365
2026-10-09T17:21:16.831+02:00 WARNING: clean shutdown did not complete within 20s - forcing process exit (see drain timeout=YES lines in track-delete-diag.log)
